sales.csv
date,product_name,mrp,cost_price,current_price,discount_pct,stock_qty,days_to_expiry,units_sold_today,is_weekend,margin_pct,profit_per_unit,revenue_today,profit_today,units_sold_7d_avg,waste_if_unsold,loss_if_expired
2025-01-01,Bread,45,32,45.0,0,30,3,4,0,28.9,13.0,180.0,52.0,4.0,0,0
2025-01-02,Bread,45,32,40.5,10,26,2,11,0,28.9,8.5,445.5,93.5,4.0,0,0
2025-01-03,Bread,45,32,31.5,30,15,1,14,0,28.9,-0.5,441.0,-7.0,7.5,1,32
2025-01-04,Bread,45,32,45.0,0,26,3,10,1,28.9,13.0,450.0,130.0,9.67,0,0
2025-01-05,Bread,45,32,27.0,40,16,2,16,1,28.9,-5.0,432.0,-80.0,9.75,0,0
2025-01-06,Bread,45,32,45.0,0,27,3,8,0,28.9,13.0,360.0,104.0,11.0,0,0
2025-01-07,Bread,45,32,36.0,20,19,2,18,0,28.9,4.0,648.0,72.0,10.5,0,0
2025-01-08,Bread,45,32,36.0,20,1,1,1,0,28.9,4.0,36.0,4.0,11.57,0,0
2025-01-09,Bread,45,32,45.0,0,23,3,8,0,28.9,13.0,360.0,104.0,11.14,0,0
2025-01-10,Bread,45,32,27.0,40,15,2,15,0,28.9,-5.0,405.0,-75.0,10.71,0,0
2025-01-11,Bread,45,32,45.0,0,26,3,9,1,28.9,13.0,405.0,117.0,10.86,0,0
2025-01-12,Bread,45,32,31.5,30,17,2,15,1,28.9,-0.5,472.5,-7.5,10.71,0,0
2025-01-13,Bread,45,32,45.0,0,2,1,2,0,28.9,13.0,90.0,26.0,10.57,0,0
2025-01-14,Bread,45,32,45.0,0,30,3,5,0,28.9,13.0,225.0,65.0,9.71,0,0
2025-01-15,Bread,45,32,40.5,10,25,2,9,0,28.9,8.5,364.5,76.5,7.86,0,0
2025-01-16,Bread,45,32,42.75,5,16,1,8,0,28.9,10.75,342.0,86.0,9.0,8,256
2025-01-17,Bread,45,32,45.0,0,25,3,11,0,28.9,13.0,495.0,143.0,9.0,0,0
2025-01-18,Bread,45,32,27.0,40,14,2,14,1,28.9,-5.0,378.0,-70.0,8.43,0,0
2025-01-19,Bread,45,32,45.0,0,27,3,12,1,28.9,13.0,540.0,156.0,9.14,0,0
2025-01-20,Bread,45,32,31.5,30,15,2,15,0,28.9,-0.5,472.5,-7.5,8.71,0,0
2025-01-21,Bread,45,32,45.0,0,23,3,7,0,28.9,13.0,315.0,91.0,10.57,0,0
2025-01-22,Bread,45,32,27.0,40,16,2,16,0,28.9,-5.0,432.0,-80.0,10.86,0,0
2025-01-23,Bread,45,32,45.0,0,25,3,4,0,28.9,13.0,180.0,52.0,11.86,0,0
2025-01-24,Bread,45,32,36.0,20,21,2,15,0,28.9,4.0,540.0,60.0,11.29,0,0
2025-01-25,Bread,45,32,40.5,10,6,1,6,1,28.9,8.5,243.0,51.0,11.86,0,0
2025-01-26,Bread,45,32,45.0,0,26,3,8,1,28.9,13.0,360.0,104.0,10.71,0,0
2025-01-27,Bread,45,32,31.5,30,18,2,15,0,28.9,-0.5,472.5,-7.5,10.14,0,0
2025-01-28,Bread,45,32,45.0,0,3,1,3,0,28.9,13.0,135.0,39.0,10.14,0,0
2025-01-29,Bread,45,32,45.0,0,24,3,11,0,28.9,13.0,495.0,143.0,9.57,0,0
2025-01-30,Bread,45,32,42.75,5,13,2,8,0,28.9,10.75,342.0,86.0,8.86,0,0
2025-01-31,Bread,45,32,45.0,0,5,1,4,0,28.9,13.0,180.0,52.0,9.43,1,32
2025-02-01,Bread,45,32,45.0,0,30,3,10,1,28.9,13.0,450.0,130.0,7.86,0,0
2025-02-02,Bread,45,32,31.5,30,20,2,20,1,28.9,-0.5,630.0,-10.0,8.43,0,0
2025-02-03,Bread,45,32,45.0,0,24,3,7,0,28.9,13.0,315.0,91.0,10.14,0,0
2025-02-04,Bread,45,32,42.75,5,17,2,7,0,28.9,10.75,299.25,75.25,9.0,0,0
2025-02-05,Bread,45,32,45.0,0,10,1,7,0,28.9,13.0,315.0,91.0,9.57,3,96
2025-02-06,Bread,45,32,45.0,0,22,3,11,0,28.9,13.0,495.0,143.0,9.0,0,0
2025-02-07,Bread,45,32,36.0,20,11,2,11,0,28.9,4.0,396.0,44.0,9.43,0,0
2025-02-08,Bread,45,32,45.0,0,31,3,8,1,28.9,13.0,360.0,104.0,10.43,0,0
2025-02-09,Bread,45,32,27.0,40,23,2,14,1,28.9,-5.0,378.0,-70.0,10.14,0,0
2025-02-10,Bread,45,32,31.5,30,9,1,9,0,28.9,-0.5,283.5,-4.5,9.29,0,0
2025-02-11,Bread,45,32,45.0,0,28,3,14,0,28.9,13.0,630.0,182.0,9.57,0,0
2025-02-12,Bread,45,32,36.0,20,14,2,14,0,28.9,4.0,504.0,56.0,10.57,0,0
2025-02-13,Bread,45,32,45.0,0,22,3,11,0,28.9,13.0,495.0,143.0,11.57,0,0
2025-02-14,Bread,45,32,36.0,20,11,2,9,0,28.9,4.0,324.0,36.0,11.57,0,0
2025-02-15,Bread,45,32,42.75,5,2,1,2,1,28.9,10.75,85.5,21.5,11.29,0,0
2025-02-16,Bread,45,32,45.0,0,25,3,7,1,28.9,13.0,315.0,91.0,10.43,0,0
2025-02-17,Bread,45,32,40.5,10,18,2,18,0,28.9,8.5,729.0,153.0,9.43,0,0
2025-02-18,Bread,45,32,45.0,0,24,3,7,0,28.9,13.0,315.0,91.0,10.71,0,0
2025-02-19,Bread,45,32,27.0,40,17,2,16,0,28.9,-5.0,432.0,-80.0,9.71,0,0
2025-02-20,Bread,45,32,27.0,40,1,1,1,0,28.9,-5.0,27.0,-5.0,10.0,0,0
2025-02-21,Bread,45,32,45.0,0,27,3,8,0,28.9,13.0,360.0,104.0,8.57,0,0
2025-02-22,Bread,45,32,27.0,40,19,2,19,1,28.9,-5.0,513.0,-95.0,8.43,0,0
2025-02-23,Bread,45,32,45.0,0,28,3,6,1,28.9,13.0,270.0,78.0,10.86,0,0
2025-02-24,Bread,45,32,42.75,5,22,2,14,0,28.9,10.75,598.5,150.5,10.71,0,0
2025-02-25,Bread,45,32,45.0,0,8,1,7,0,28.9,13.0,315.0,91.0,10.14,1,32
2025-02-26,Bread,45,32,45.0,0,25,3,8,0,28.9,13.0,360.0,104.0,10.14,0,0
2025-02-27,Bread,45,32,36.0,20,17,2,17,0,28.9,4.0,612.0,68.0,9.0,0,0
2025-02-28,Bread,45,32,45.0,0,28,3,3,0,28.9,13.0,135.0,39.0,11.29,0,0
2025-03-01,Bread,45,32,36.0,20,25,2,20,1,28.9,4.0,720.0,80.0,10.57,0,0
2025-03-02,Bread,45,32,36.0,20,5,1,5,1,28.9,4.0,180.0,20.0,10.71,0,0
2025-03-03,Bread,45,32,45.0,0,22,3,5,0,28.9,13.0,225.0,65.0,10.57,0,0
2025-03-04,Bread,45,32,31.5,30,17,2,16,0,28.9,-0.5,504.0,-8.0,9.29,0,0
2025-03-05,Bread,45,32,36.0,20,1,1,1,0,28.9,4.0,36.0,4.0,10.57,0,0
2025-03-06,Bread,45,32,45.0,0,30,3,3,0,28.9,13.0,135.0,39.0,9.57,0,0
2025-03-07,Bread,45,32,45.0,0,27,2,9,0,28.9,13.0,405.0,117.0,7.57,0,0
2025-03-08,Bread,45,32,27.0,40,18,1,13,1,28.9,-5.0,351.0,-65.0,8.43,5,160
2025-03-09,Bread,45,32,45.0,0,31,3,8,1,28.9,13.0,360.0,104.0,7.43,0,0
2025-03-10,Bread,45,32,36.0,20,23,2,12,0,28.9,4.0,432.0,48.0,7.86,0,0
2025-03-11,Bread,45,32,31.5,30,11,1,11,0,28.9,-0.5,346.5,-5.5,8.86,0,0
2025-03-12,Bread,45,32,45.0,0,24,3,13,0,28.9,13.0,585.0,169.0,8.14,0,0
2025-03-13,Bread,45,32,42.75,5,11,2,5,0,28.9,10.75,213.75,53.75,9.86,0,0
2025-03-14,Bread,45,32,31.5,30,6,1,6,0,28.9,-0.5,189.0,-3.0,10.14,0,0
2025-03-15,Bread,45,32,45.0,0,26,3,18,1,28.9,13.0,810.0,234.0,9.71,0,0
2025-03-16,Bread,45,32,27.0,40,8,2,8,1,28.9,-5.0,216.0,-40.0,10.43,0,0
2025-03-17,Bread,45,32,45.0,0,23,3,8,0,28.9,13.0,360.0,104.0,10.43,0,0
2025-03-18,Bread,45,32,36.0,20,15,2,13,0,28.9,4.0,468.0,52.0,9.86,0,0
2025-03-19,Bread,45,32,40.5,10,2,1,2,0,28.9,8.5,81.0,17.0,10.14,0,0
2025-03-20,Bread,45,32,45.0,0,27,3,11,0,28.9,13.0,495.0,143.0,8.57,0,0
2025-03-21,Bread,45,32,36.0,20,16,2,12,0,28.9,4.0,432.0,48.0,9.43,0,0
2025-03-22,Bread,45,32,27.0,40,4,1,4,1,28.9,-5.0,108.0,-20.0,10.29,0,0
2025-03-23,Bread,45,32,45.0,0,31,3,11,1,28.9,13.0,495.0,143.0,8.29,0,0
2025-03-24,Bread,45,32,31.5,30,20,2,12,0,28.9,-0.5,378.0,-6.0,8.71,0,0
2025-03-25,Bread,45,32,36.0,20,8,1,8,0,28.9,4.0,288.0,32.0,9.29,0,0
2025-03-26,Bread,45,32,45.0,0,24,3,5,0,28.9,13.0,225.0,65.0,8.57,0,0
2025-03-27,Bread,45,32,36.0,20,19,2,15,0,28.9,4.0,540.0,60.0,9.0,0,0
2025-03-28,Bread,45,32,40.5,10,4,1,4,0,28.9,8.5,162.0,34.0,9.57,0,0
2025-03-29,Bread,45,32,45.0,0,29,3,5,1,28.9,13.0,225.0,65.0,8.43,0,0
2025-03-30,Bread,45,32,36.0,20,24,2,15,1,28.9,4.0,540.0,60.0,8.57,0,0
2025-03-31,Bread,45,32,36.0,20,9,1,9,0,28.9,4.0,324.0,36.0,9.14,0,0
2025-04-01,Bread,45,32,45.0,0,28,3,7,0,28.9,13.0,315.0,91.0,8.71,0,0
2025-04-02,Bread,45,32,42.75,5,21,2,10,0,28.9,10.75,427.5,107.5,8.57,0,0
2025-04-03,Bread,45,32,42.75,5,11,1,11,0,28.9,10.75,470.25,118.25,9.29,0,0
2025-04-04,Bread,45,32,45.0,0,22,3,10,0,28.9,13.0,450.0,130.0,8.71,0,0
2025-04-05,Bread,45,32,27.0,40,12,2,12,1,28.9,-5.0,324.0,-60.0,9.57,0,0
2025-04-06,Bread,45,32,45.0,0,30,3,10,1,28.9,13.0,450.0,130.0,10.57,0,0
2025-04-07,Bread,45,32,42.75,5,20,2,10,0,28.9,10.75,427.5,107.5,9.86,0,0
2025-04-08,Bread,45,32,36.0,20,10,1,10,0,28.9,4.0,360.0,40.0,10.0,0,0
2025-04-09,Bread,45,32,45.0,0,25,3,7,0,28.9,13.0,315.0,91.0,10.43,0,0
2025-04-10,Bread,45,32,40.5,10,18,2,15,0,28.9,8.5,607.5,127.5,10.0,0,0
2025-04-11,Bread,45,32,42.75,5,3,1,3,0,28.9,10.75,128.25,32.25,10.57,0,0
2025-04-12,Bread,45,32,45.0,0,22,3,12,1,28.9,13.0,540.0,156.0,9.57,0,0
2025-04-13,Bread,45,32,31.5,30,10,2,10,1,28.9,-0.5,315.0,-5.0,9.57,0,0
2025-04-14,Bread,45,32,45.0,0,26,3,8,0,28.9,13.0,360.0,104.0,9.57,0,0
2025-04-15,Bread,45,32,40.5,10,18,2,11,0,28.9,8.5,445.5,93.5,9.29,0,0
2025-04-16,Bread,45,32,42.75,5,7,1,7,0,28.9,10.75,299.25,75.25,9.43,0,0
2025-04-17,Bread,45,32,45.0,0,22,3,13,0,28.9,13.0,585.0,169.0,9.43,0,0
2025-04-18,Bread,45,32,40.5,10,9,2,7,0,28.9,8.5,283.5,59.5,9.14,0,0
2025-04-19,Bread,45,32,42.75,5,2,1,2,1,28.9,10.75,85.5,21.5,9.71,0,0
2025-04-20,Bread,45,32,45.0,0,31,3,4,1,28.9,13.0,180.0,52.0,8.29,0,0
2025-04-21,Bread,45,32,42.75,5,27,2,4,0,28.9,10.75,171.0,43.0,7.43,0,0
2025-04-22,Bread,45,32,42.75,5,23,1,5,0,28.9,10.75,213.75,53.75,6.86,18,576
2025-04-23,Bread,45,32,45.0,0,31,3,7,0,28.9,13.0,315.0,91.0,6.0,0,0
2025-04-24,Bread,45,32,27.0,40,24,2,13,0,28.9,-5.0,351.0,-65.0,6.0,0,0
2025-04-25,Bread,45,32,40.5,10,11,1,11,0,28.9,8.5,445.5,93.5,6.0,0,0
2025-04-26,Bread,45,32,45.0,0,31,3,9,1,28.9,13.0,405.0,117.0,6.57,0,0
2025-04-27,Bread,45,32,31.5,30,22,2,14,1,28.9,-0.5,441.0,-7.0,7.57,0,0
2025-04-28,Bread,45,32,45.0,0,8,1,8,0,28.9,13.0,360.0,104.0,9.0,0,0
2025-04-29,Bread,45,32,45.0,0,22,3,4,0,28.9,13.0,180.0,52.0,9.57,0,0
2025-04-30,Bread,45,32,42.75,5,18,2,8,0,28.9,10.75,342.0,86.0,9.43,0,0
2025-05-01,Bread,45,32,40.5,10,10,1,10,0,28.9,8.5,405.0,85.0,9.57,0,0
2025-05-02,Bread,45,32,45.0,0,29,3,5,0,28.9,13.0,225.0,65.0,9.14,0,0
2025-05-03,Bread,45,32,42.75,5,24,2,23,1,28.9,10.75,983.25,247.25,8.29,0,0
2025-05-04,Bread,45,32,36.0,20,1,1,1,1,28.9,4.0,36.0,4.0,10.29,0,0
2025-05-05,Bread,45,32,45.0,0,25,3,8,0,28.9,13.0,360.0,104.0,8.43,0,0
2025-05-06,Bread,45,32,36.0,20,17,2,16,0,28.9,4.0,576.0,64.0,8.43,0,0
2025-05-07,Bread,45,32,31.5,30,1,1,1,0,28.9,-0.5,31.5,-0.5,10.14,0,0
2025-05-08,Bread,45,32,45.0,0,23,3,4,0,28.9,13.0,180.0,52.0,9.14,0,0
2025-05-09,Bread,45,32,42.75,5,19,2,12,0,28.9,10.75,513.0,129.0,8.29,0,0
2025-05-10,Bread,45,32,31.5,30,7,1,7,1,28.9,-0.5,220.5,-3.5,9.29,0,0
2025-05-11,Bread,45,32,45.0,0,27,3,9,1,28.9,13.0,405.0,117.0,7.0,0,0
2025-05-12,Bread,45,32,31.5,30,18,2,16,0,28.9,-0.5,504.0,-8.0,8.14,0,0
2025-05-13,Bread,45,32,45.0,0,2,1,2,0,28.9,13.0,90.0,26.0,9.29,0,0
2025-05-14,Bread,45,32,45.0,0,25,3,10,0,28.9,13.0,450.0,130.0,7.29,0,0
2025-05-15,Bread,45,32,40.5,10,15,2,14,0,28.9,8.5,567.0,119.0,8.57,0,0
2025-05-16,Bread,45,32,45.0,0,1,1,1,0,28.9,13.0,45.0,13.0,10.0,0,0
2025-05-17,Bread,45,32,45.0,0,28,3,11,1,28.9,13.0,495.0,143.0,8.43,0,0
2025-05-18,Bread,45,32,40.5,10,17,2,13,1,28.9,8.5,526.5,110.5,9.0,0,0
2025-05-19,Bread,45,32,36.0,20,4,1,4,0,28.9,4.0,144.0,16.0,9.57,0,0
2025-05-20,Bread,45,32,45.0,0,31,3,9,0,28.9,13.0,405.0,117.0,7.86,0,0
2025-05-21,Bread,45,32,36.0,20,22,2,12,0,28.9,4.0,432.0,48.0,8.86,0,0
2025-05-22,Bread,45,32,36.0,20,10,1,10,0,28.9,4.0,360.0,40.0,9.14,0,0
2025-05-23,Bread,45,32,45.0,0,30,3,7,0,28.9,13.0,315.0,91.0,8.57,0,0
2025-05-24,Bread,45,32,42.75,5,23,2,20,1,28.9,10.75,855.0,215.0,9.43,0,0
2025-05-25,Bread,45,32,27.0,40,3,1,3,1,28.9,-5.0,81.0,-15.0,10.71,0,0
2025-05-26,Bread,45,32,45.0,0,28,3,9,0,28.9,13.0,405.0,117.0,9.29,0,0
2025-05-27,Bread,45,32,42.75,5,19,2,8,0,28.9,10.75,342.0,86.0,10.0,0,0
2025-05-28,Bread,45,32,36.0,20,11,1,11,0,28.9,4.0,396.0,44.0,9.86,0,0
2025-05-29,Bread,45,32,45.0,0,30,3,5,0,28.9,13.0,225.0,65.0,9.71,0,0
2025-05-30,Bread,45,32,31.5,30,25,2,15,0,28.9,-0.5,472.5,-7.5,9.0,0,0
2025-05-31,Bread,45,32,42.75,5,10,1,10,1,28.9,10.75,427.5,107.5,10.14,0,0
2025-06-01,Bread,45,32,45.0,0,29,3,3,1,28.9,13.0,135.0,39.0,8.71,0,0
2025-06-02,Bread,45,32,36.0,20,26,2,12,0,28.9,4.0,432.0,48.0,8.71,0,0
2025-06-03,Bread,45,32,42.75,5,14,1,7,0,28.9,10.75,299.25,75.25,9.14,7,224
2025-06-04,Bread,45,32,45.0,0,28,3,7,0,28.9,13.0,315.0,91.0,9.0,0,0
2025-06-05,Bread,45,32,36.0,20,21,2,13,0,28.9,4.0,468.0,52.0,8.43,0,0
2025-06-06,Bread,45,32,36.0,20,8,1,8,0,28.9,4.0,288.0,32.0,9.57,0,0
2025-06-07,Bread,45,32,45.0,0,26,3,6,1,28.9,13.0,270.0,78.0,8.57,0,0
2025-06-08,Bread,45,32,42.75,5,20,2,14,1,28.9,10.75,598.5,150.5,8.0,0,0
2025-06-09,Bread,45,32,40.5,10,6,1,6,0,28.9,8.5,243.0,51.0,9.57,0,0
2025-06-10,Bread,45,32,45.0,0,23,3,8,0,28.9,13.0,360.0,104.0,8.71,0,0
2025-06-11,Bread,45,32,42.75,5,15,2,5,0,28.9,10.75,213.75,53.75,8.86,0,0
2025-06-12,Bread,45,32,36.0,20,10,1,10,0,28.9,4.0,360.0,40.0,8.57,0,0
2025-06-13,Bread,45,32,45.0,0,23,3,5,0,28.9,13.0,225.0,65.0,8.14,0,0
2025-06-14,Bread,45,32,31.5,30,18,2,18,1,28.9,-0.5,567.0,-9.0,7.71,0,0
2025-06-15,Bread,45,32,45.0,0,23,3,8,1,28.9,13.0,360.0,104.0,9.43,0,0
2025-06-16,Bread,45,32,42.75,5,15,2,10,0,28.9,10.75,427.5,107.5,8.57,0,0
2025-06-17,Bread,45,32,40.5,10,5,1,5,0,28.9,8.5,202.5,42.5,9.14,0,0
2025-06-18,Bread,45,32,45.0,0,26,3,5,0,28.9,13.0,225.0,65.0,8.71,0,0
2025-06-19,Bread,45,32,45.0,0,21,2,6,0,28.9,13.0,270.0,78.0,8.71,0,0
2025-06-20,Bread,45,32,27.0,40,15,1,15,0,28.9,-5.0,405.0,-75.0,8.14,0,0
2025-06-21,Bread,45,32,45.0,0,28,3,8,1,28.9,13.0,360.0,104.0,9.57,0,0
2025-06-22,Bread,45,32,45.0,0,20,2,9,1,28.9,13.0,405.0,117.0,8.14,0,0
2025-06-23,Bread,45,32,36.0,20,11,1,11,0,28.9,4.0,396.0,44.0,8.29,0,0
2025-06-24,Bread,45,32,45.0,0,22,3,6,0,28.9,13.0,270.0,78.0,8.43,0,0
2025-06-25,Bread,45,32,45.0,0,16,2,7,0,28.9,13.0,315.0,91.0,8.57,0,0
2025-06-26,Bread,45,32,36.0,20,9,1,9,0,28.9,4.0,324.0,36.0,8.86,0,0
2025-06-27,Bread,45,32,45.0,0,25,3,9,0,28.9,13.0,405.0,117.0,9.29,0,0
2025-06-28,Bread,45,32,27.0,40,16,2,16,1,28.9,-5.0,432.0,-80.0,8.43,0,0
2025-06-29,Bread,45,32,45.0,0,24,3,9,1,28.9,13.0,405.0,117.0,9.57,0,0
