sales.csv
date,product_name,mrp,cost_price,current_price,discount_pct,stock_qty,days_to_expiry,units_sold_today,is_weekend,margin_pct,profit_per_unit,revenue_today,profit_today,units_sold_7d_avg,waste_if_unsold,loss_if_expired
2025-01-01,Burger Buns (4 pcs),30,22,30.0,0,25,4,11,0,26.7,8.0,330.0,88.0,11.0,0,0
2025-01-02,Burger Buns (4 pcs),30,22,30.0,0,14,3,5,0,26.7,8.0,150.0,40.0,11.0,0,0
2025-01-03,Burger Buns (4 pcs),30,22,18.0,40,9,2,9,0,26.7,-4.0,162.0,-36.0,8.0,0,0
2025-01-04,Burger Buns (4 pcs),30,22,30.0,0,24,4,4,1,26.7,8.0,120.0,32.0,8.33,0,0
2025-01-05,Burger Buns (4 pcs),30,22,30.0,0,20,3,6,1,26.7,8.0,180.0,48.0,7.25,0,0
2025-01-06,Burger Buns (4 pcs),30,22,21.0,30,14,2,14,0,26.7,-1.0,294.0,-14.0,7.0,0,0
2025-01-07,Burger Buns (4 pcs),30,22,30.0,0,26,4,2,0,26.7,8.0,60.0,16.0,8.17,0,0
2025-01-08,Burger Buns (4 pcs),30,22,30.0,0,24,3,4,0,26.7,8.0,120.0,32.0,7.29,0,0
2025-01-09,Burger Buns (4 pcs),30,22,24.0,20,20,2,8,0,26.7,2.0,192.0,16.0,6.29,0,0
2025-01-10,Burger Buns (4 pcs),30,22,24.0,20,12,1,12,0,26.7,2.0,288.0,24.0,6.71,0,0
2025-01-11,Burger Buns (4 pcs),30,22,30.0,0,22,4,8,1,26.7,8.0,240.0,64.0,7.14,0,0
2025-01-12,Burger Buns (4 pcs),30,22,30.0,0,14,3,10,1,26.7,8.0,300.0,80.0,7.71,0,0
2025-01-13,Burger Buns (4 pcs),30,22,27.0,10,4,2,4,0,26.7,5.0,108.0,20.0,8.29,0,0
2025-01-14,Burger Buns (4 pcs),30,22,30.0,0,25,4,5,0,26.7,8.0,150.0,40.0,6.86,0,0
2025-01-15,Burger Buns (4 pcs),30,22,30.0,0,20,3,4,0,26.7,8.0,120.0,32.0,7.29,0,0
2025-01-16,Burger Buns (4 pcs),30,22,24.0,20,16,2,15,0,26.7,2.0,360.0,30.0,7.29,0,0
2025-01-17,Burger Buns (4 pcs),30,22,28.5,5,1,1,1,0,26.7,6.5,28.5,6.5,8.29,0,0
2025-01-18,Burger Buns (4 pcs),30,22,30.0,0,25,4,10,1,26.7,8.0,300.0,80.0,6.71,0,0
2025-01-19,Burger Buns (4 pcs),30,22,30.0,0,15,3,6,1,26.7,8.0,180.0,48.0,7.0,0,0
2025-01-20,Burger Buns (4 pcs),30,22,24.0,20,9,2,9,0,26.7,2.0,216.0,18.0,6.43,0,0
2025-01-21,Burger Buns (4 pcs),30,22,30.0,0,30,4,6,0,26.7,8.0,180.0,48.0,7.14,0,0
2025-01-22,Burger Buns (4 pcs),30,22,30.0,0,24,3,6,0,26.7,8.0,180.0,48.0,7.29,0,0
2025-01-23,Burger Buns (4 pcs),30,22,24.0,20,18,2,18,0,26.7,2.0,432.0,36.0,7.57,0,0
2025-01-24,Burger Buns (4 pcs),30,22,30.0,0,31,4,6,0,26.7,8.0,180.0,48.0,8.0,0,0
2025-01-25,Burger Buns (4 pcs),30,22,30.0,0,25,3,8,1,26.7,8.0,240.0,64.0,8.71,0,0
2025-01-26,Burger Buns (4 pcs),30,22,18.0,40,17,2,17,1,26.7,-4.0,306.0,-68.0,8.43,0,0
2025-01-27,Burger Buns (4 pcs),30,22,30.0,0,24,4,8,0,26.7,8.0,240.0,64.0,10.0,0,0
2025-01-28,Burger Buns (4 pcs),30,22,30.0,0,16,3,6,0,26.7,8.0,180.0,48.0,9.86,0,0
2025-01-29,Burger Buns (4 pcs),30,22,27.0,10,10,2,8,0,26.7,5.0,216.0,40.0,9.86,0,0
2025-01-30,Burger Buns (4 pcs),30,22,21.0,30,2,1,2,0,26.7,-1.0,42.0,-2.0,10.14,0,0
2025-01-31,Burger Buns (4 pcs),30,22,30.0,0,22,4,9,0,26.7,8.0,270.0,72.0,7.86,0,0
2025-02-01,Burger Buns (4 pcs),30,22,30.0,0,13,3,10,1,26.7,8.0,300.0,80.0,8.29,0,0
2025-02-02,Burger Buns (4 pcs),30,22,24.0,20,3,2,3,1,26.7,2.0,72.0,6.0,8.57,0,0
2025-02-03,Burger Buns (4 pcs),30,22,30.0,0,25,4,6,0,26.7,8.0,180.0,48.0,6.57,0,0
2025-02-04,Burger Buns (4 pcs),30,22,30.0,0,19,3,4,0,26.7,8.0,120.0,32.0,6.29,0,0
2025-02-05,Burger Buns (4 pcs),30,22,27.0,10,15,2,12,0,26.7,5.0,324.0,60.0,6.0,0,0
2025-02-06,Burger Buns (4 pcs),30,22,27.0,10,3,1,3,0,26.7,5.0,81.0,15.0,6.57,0,0
2025-02-07,Burger Buns (4 pcs),30,22,30.0,0,31,4,8,0,26.7,8.0,240.0,64.0,6.71,0,0
2025-02-08,Burger Buns (4 pcs),30,22,30.0,0,23,3,7,1,26.7,8.0,210.0,56.0,6.57,0,0
2025-02-09,Burger Buns (4 pcs),30,22,24.0,20,16,2,14,1,26.7,2.0,336.0,28.0,6.14,0,0
2025-02-10,Burger Buns (4 pcs),30,22,21.0,30,2,1,2,0,26.7,-1.0,42.0,-2.0,7.71,0,0
2025-02-11,Burger Buns (4 pcs),30,22,30.0,0,23,4,1,0,26.7,8.0,30.0,8.0,7.14,0,0
2025-02-12,Burger Buns (4 pcs),30,22,30.0,0,22,3,9,0,26.7,8.0,270.0,72.0,6.71,0,0
2025-02-13,Burger Buns (4 pcs),30,22,28.5,5,13,2,8,0,26.7,6.5,228.0,52.0,6.29,0,0
2025-02-14,Burger Buns (4 pcs),30,22,27.0,10,5,1,5,0,26.7,5.0,135.0,25.0,7.0,0,0
2025-02-15,Burger Buns (4 pcs),30,22,30.0,0,25,4,10,1,26.7,8.0,300.0,80.0,6.57,0,0
2025-02-16,Burger Buns (4 pcs),30,22,30.0,0,15,3,12,1,26.7,8.0,360.0,96.0,7.0,0,0
2025-02-17,Burger Buns (4 pcs),30,22,21.0,30,3,2,3,0,26.7,-1.0,63.0,-3.0,6.71,0,0
2025-02-18,Burger Buns (4 pcs),30,22,30.0,0,26,4,7,0,26.7,8.0,210.0,56.0,6.86,0,0
2025-02-19,Burger Buns (4 pcs),30,22,30.0,0,19,3,10,0,26.7,8.0,300.0,80.0,7.71,0,0
2025-02-20,Burger Buns (4 pcs),30,22,30.0,0,9,2,9,0,26.7,8.0,270.0,72.0,7.86,0,0
2025-02-21,Burger Buns (4 pcs),30,22,30.0,0,26,4,4,0,26.7,8.0,120.0,32.0,8.0,0,0
2025-02-22,Burger Buns (4 pcs),30,22,30.0,0,22,3,6,1,26.7,8.0,180.0,48.0,7.86,0,0
2025-02-23,Burger Buns (4 pcs),30,22,18.0,40,16,2,16,1,26.7,-4.0,288.0,-64.0,7.29,0,0
2025-02-24,Burger Buns (4 pcs),30,22,30.0,0,27,4,10,0,26.7,8.0,300.0,80.0,7.86,0,0
2025-02-25,Burger Buns (4 pcs),30,22,30.0,0,17,3,3,0,26.7,8.0,90.0,24.0,8.86,0,0
2025-02-26,Burger Buns (4 pcs),30,22,28.5,5,14,2,5,0,26.7,6.5,142.5,32.5,8.29,0,0
2025-02-27,Burger Buns (4 pcs),30,22,21.0,30,9,1,9,0,26.7,-1.0,189.0,-9.0,7.57,0,0
2025-02-28,Burger Buns (4 pcs),30,22,30.0,0,30,4,8,0,26.7,8.0,240.0,64.0,7.57,0,0
2025-03-01,Burger Buns (4 pcs),30,22,30.0,0,22,3,4,1,26.7,8.0,120.0,32.0,8.14,0,0
2025-03-02,Burger Buns (4 pcs),30,22,30.0,0,18,2,9,1,26.7,8.0,270.0,72.0,7.86,0,0
2025-03-03,Burger Buns (4 pcs),30,22,24.0,20,9,1,9,0,26.7,2.0,216.0,18.0,6.86,0,0
2025-03-04,Burger Buns (4 pcs),30,22,30.0,0,31,4,4,0,26.7,8.0,120.0,32.0,6.71,0,0
2025-03-05,Burger Buns (4 pcs),30,22,30.0,0,27,3,9,0,26.7,8.0,270.0,72.0,6.86,0,0
2025-03-06,Burger Buns (4 pcs),30,22,28.5,5,18,2,7,0,26.7,6.5,199.5,45.5,7.43,0,0
2025-03-07,Burger Buns (4 pcs),30,22,30.0,0,11,1,11,0,26.7,8.0,330.0,88.0,7.14,0,0
2025-03-08,Burger Buns (4 pcs),30,22,30.0,0,28,4,8,1,26.7,8.0,240.0,64.0,7.57,0,0
2025-03-09,Burger Buns (4 pcs),30,22,30.0,0,20,3,10,1,26.7,8.0,300.0,80.0,8.14,0,0
2025-03-10,Burger Buns (4 pcs),30,22,27.0,10,10,2,5,0,26.7,5.0,135.0,25.0,8.29,0,0
2025-03-11,Burger Buns (4 pcs),30,22,21.0,30,5,1,5,0,26.7,-1.0,105.0,-5.0,7.71,0,0
2025-03-12,Burger Buns (4 pcs),30,22,30.0,0,26,4,6,0,26.7,8.0,180.0,48.0,7.86,0,0
2025-03-13,Burger Buns (4 pcs),30,22,30.0,0,20,3,6,0,26.7,8.0,180.0,48.0,7.43,0,0
2025-03-14,Burger Buns (4 pcs),30,22,27.0,10,14,2,10,0,26.7,5.0,270.0,50.0,7.29,0,0
2025-03-15,Burger Buns (4 pcs),30,22,28.5,5,4,1,4,1,26.7,6.5,114.0,26.0,7.14,0,0
2025-03-16,Burger Buns (4 pcs),30,22,30.0,0,25,4,5,1,26.7,8.0,150.0,40.0,6.57,0,0
2025-03-17,Burger Buns (4 pcs),30,22,30.0,0,20,3,5,0,26.7,8.0,150.0,40.0,5.86,0,0
2025-03-18,Burger Buns (4 pcs),30,22,30.0,0,15,2,4,0,26.7,8.0,120.0,32.0,5.86,0,0
2025-03-19,Burger Buns (4 pcs),30,22,27.0,10,11,1,10,0,26.7,5.0,270.0,50.0,5.71,1,22
2025-03-20,Burger Buns (4 pcs),30,22,30.0,0,26,4,6,0,26.7,8.0,180.0,48.0,6.29,0,0
2025-03-21,Burger Buns (4 pcs),30,22,30.0,0,20,3,8,0,26.7,8.0,240.0,64.0,6.29,0,0
2025-03-22,Burger Buns (4 pcs),30,22,28.5,5,12,2,12,1,26.7,6.5,342.0,78.0,6.0,0,0
2025-03-23,Burger Buns (4 pcs),30,22,30.0,0,22,4,4,1,26.7,8.0,120.0,32.0,7.14,0,0
2025-03-24,Burger Buns (4 pcs),30,22,30.0,0,18,3,5,0,26.7,8.0,150.0,40.0,7.0,0,0
2025-03-25,Burger Buns (4 pcs),30,22,27.0,10,13,2,6,0,26.7,5.0,162.0,30.0,7.0,0,0
2025-03-26,Burger Buns (4 pcs),30,22,30.0,0,7,1,5,0,26.7,8.0,150.0,40.0,7.29,2,44
2025-03-27,Burger Buns (4 pcs),30,22,30.0,0,22,4,3,0,26.7,8.0,90.0,24.0,6.57,0,0
2025-03-28,Burger Buns (4 pcs),30,22,30.0,0,19,3,9,0,26.7,8.0,270.0,72.0,6.14,0,0
2025-03-29,Burger Buns (4 pcs),30,22,28.5,5,10,2,9,1,26.7,6.5,256.5,58.5,6.29,0,0
2025-03-30,Burger Buns (4 pcs),30,22,24.0,20,1,1,1,1,26.7,2.0,24.0,2.0,5.86,0,0
2025-03-31,Burger Buns (4 pcs),30,22,30.0,0,27,4,9,0,26.7,8.0,270.0,72.0,5.43,0,0
2025-04-01,Burger Buns (4 pcs),30,22,30.0,0,18,3,4,0,26.7,8.0,120.0,32.0,6.0,0,0
2025-04-02,Burger Buns (4 pcs),30,22,24.0,20,14,2,6,0,26.7,2.0,144.0,12.0,5.71,0,0
2025-04-03,Burger Buns (4 pcs),30,22,24.0,20,8,1,8,0,26.7,2.0,192.0,16.0,5.86,0,0
2025-04-04,Burger Buns (4 pcs),30,22,30.0,0,29,4,7,0,26.7,8.0,210.0,56.0,6.57,0,0
2025-04-05,Burger Buns (4 pcs),30,22,30.0,0,22,3,8,1,26.7,8.0,240.0,64.0,6.29,0,0
2025-04-06,Burger Buns (4 pcs),30,22,24.0,20,14,2,9,1,26.7,2.0,216.0,18.0,6.14,0,0
2025-04-07,Burger Buns (4 pcs),30,22,24.0,20,5,1,5,0,26.7,2.0,120.0,10.0,7.29,0,0
2025-04-08,Burger Buns (4 pcs),30,22,30.0,0,30,4,7,0,26.7,8.0,210.0,56.0,6.71,0,0
2025-04-09,Burger Buns (4 pcs),30,22,30.0,0,23,3,4,0,26.7,8.0,120.0,32.0,7.14,0,0
2025-04-10,Burger Buns (4 pcs),30,22,21.0,30,19,2,13,0,26.7,-1.0,273.0,-13.0,6.86,0,0
2025-04-11,Burger Buns (4 pcs),30,22,21.0,30,6,1,6,0,26.7,-1.0,126.0,-6.0,7.57,0,0
2025-04-12,Burger Buns (4 pcs),30,22,30.0,0,30,4,13,1,26.7,8.0,390.0,104.0,7.43,0,0
2025-04-13,Burger Buns (4 pcs),30,22,30.0,0,17,3,4,1,26.7,8.0,120.0,32.0,8.14,0,0
2025-04-14,Burger Buns (4 pcs),30,22,24.0,20,13,2,13,0,26.7,2.0,312.0,26.0,7.43,0,0
2025-04-15,Burger Buns (4 pcs),30,22,30.0,0,28,4,3,0,26.7,8.0,90.0,24.0,8.57,0,0
2025-04-16,Burger Buns (4 pcs),30,22,30.0,0,25,3,8,0,26.7,8.0,240.0,64.0,8.0,0,0
2025-04-17,Burger Buns (4 pcs),30,22,24.0,20,17,2,11,0,26.7,2.0,264.0,22.0,8.57,0,0
2025-04-18,Burger Buns (4 pcs),30,22,21.0,30,6,1,6,0,26.7,-1.0,126.0,-6.0,8.29,0,0
2025-04-19,Burger Buns (4 pcs),30,22,30.0,0,24,4,6,1,26.7,8.0,180.0,48.0,8.29,0,0
2025-04-20,Burger Buns (4 pcs),30,22,30.0,0,18,3,5,1,26.7,8.0,150.0,40.0,7.29,0,0
2025-04-21,Burger Buns (4 pcs),30,22,21.0,30,13,2,13,0,26.7,-1.0,273.0,-13.0,7.43,0,0
2025-04-22,Burger Buns (4 pcs),30,22,30.0,0,23,4,5,0,26.7,8.0,150.0,40.0,7.43,0,0
2025-04-23,Burger Buns (4 pcs),30,22,30.0,0,18,3,4,0,26.7,8.0,120.0,32.0,7.71,0,0
2025-04-24,Burger Buns (4 pcs),30,22,21.0,30,14,2,14,0,26.7,-1.0,294.0,-14.0,7.14,0,0
2025-04-25,Burger Buns (4 pcs),30,22,30.0,0,24,4,4,0,26.7,8.0,120.0,32.0,7.57,0,0
2025-04-26,Burger Buns (4 pcs),30,22,30.0,0,20,3,7,1,26.7,8.0,210.0,56.0,7.29,0,0
2025-04-27,Burger Buns (4 pcs),30,22,21.0,30,13,2,13,1,26.7,-1.0,273.0,-13.0,7.43,0,0
2025-04-28,Burger Buns (4 pcs),30,22,30.0,0,25,4,6,0,26.7,8.0,180.0,48.0,8.57,0,0
2025-04-29,Burger Buns (4 pcs),30,22,30.0,0,19,3,4,0,26.7,8.0,120.0,32.0,7.57,0,0
2025-04-30,Burger Buns (4 pcs),30,22,27.0,10,15,2,12,0,26.7,5.0,324.0,60.0,7.43,0,0
2025-05-01,Burger Buns (4 pcs),30,22,30.0,0,3,1,3,0,26.7,8.0,90.0,24.0,8.57,0,0
2025-05-02,Burger Buns (4 pcs),30,22,30.0,0,29,4,5,0,26.7,8.0,150.0,40.0,7.0,0,0
2025-05-03,Burger Buns (4 pcs),30,22,30.0,0,24,3,8,1,26.7,8.0,240.0,64.0,7.14,0,0
2025-05-04,Burger Buns (4 pcs),30,22,24.0,20,16,2,10,1,26.7,2.0,240.0,20.0,7.29,0,0
2025-05-05,Burger Buns (4 pcs),30,22,24.0,20,6,1,6,0,26.7,2.0,144.0,12.0,6.86,0,0
2025-05-06,Burger Buns (4 pcs),30,22,30.0,0,23,4,7,0,26.7,8.0,210.0,56.0,6.86,0,0
2025-05-07,Burger Buns (4 pcs),30,22,30.0,0,16,3,2,0,26.7,8.0,60.0,16.0,7.29,0,0
2025-05-08,Burger Buns (4 pcs),30,22,18.0,40,14,2,14,0,26.7,-4.0,252.0,-56.0,5.86,0,0
2025-05-09,Burger Buns (4 pcs),30,22,30.0,0,27,4,7,0,26.7,8.0,210.0,56.0,7.43,0,0
2025-05-10,Burger Buns (4 pcs),30,22,30.0,0,20,3,8,1,26.7,8.0,240.0,64.0,7.71,0,0
2025-05-11,Burger Buns (4 pcs),30,22,18.0,40,12,2,12,1,26.7,-4.0,216.0,-48.0,7.71,0,0
2025-05-12,Burger Buns (4 pcs),30,22,30.0,0,22,4,2,0,26.7,8.0,60.0,16.0,8.0,0,0
2025-05-13,Burger Buns (4 pcs),30,22,30.0,0,20,3,6,0,26.7,8.0,180.0,48.0,7.43,0,0
2025-05-14,Burger Buns (4 pcs),30,22,18.0,40,14,2,14,0,26.7,-4.0,252.0,-56.0,7.29,0,0
2025-05-15,Burger Buns (4 pcs),30,22,30.0,0,25,4,10,0,26.7,8.0,300.0,80.0,9.0,0,0
2025-05-16,Burger Buns (4 pcs),30,22,30.0,0,15,3,6,0,26.7,8.0,180.0,48.0,8.43,0,0
2025-05-17,Burger Buns (4 pcs),30,22,18.0,40,9,2,9,1,26.7,-4.0,162.0,-36.0,8.29,0,0
2025-05-18,Burger Buns (4 pcs),30,22,30.0,0,22,4,5,1,26.7,8.0,150.0,40.0,8.43,0,0
2025-05-19,Burger Buns (4 pcs),30,22,30.0,0,17,3,5,0,26.7,8.0,150.0,40.0,7.43,0,0
2025-05-20,Burger Buns (4 pcs),30,22,18.0,40,12,2,12,0,26.7,-4.0,216.0,-48.0,7.86,0,0
2025-05-21,Burger Buns (4 pcs),30,22,30.0,0,31,4,6,0,26.7,8.0,180.0,48.0,8.71,0,0
2025-05-22,Burger Buns (4 pcs),30,22,30.0,0,25,3,6,0,26.7,8.0,180.0,48.0,7.57,0,0
2025-05-23,Burger Buns (4 pcs),30,22,24.0,20,19,2,13,0,26.7,2.0,312.0,26.0,7.0,0,0
2025-05-24,Burger Buns (4 pcs),30,22,28.5,5,6,1,6,1,26.7,6.5,171.0,39.0,8.0,0,0
2025-05-25,Burger Buns (4 pcs),30,22,30.0,0,22,4,7,1,26.7,8.0,210.0,56.0,7.57,0,0
2025-05-26,Burger Buns (4 pcs),30,22,30.0,0,15,3,5,0,26.7,8.0,150.0,40.0,7.86,0,0
2025-05-27,Burger Buns (4 pcs),30,22,18.0,40,10,2,10,0,26.7,-4.0,180.0,-40.0,7.86,0,0
2025-05-28,Burger Buns (4 pcs),30,22,30.0,0,26,4,9,0,26.7,8.0,270.0,72.0,7.57,0,0
2025-05-29,Burger Buns (4 pcs),30,22,30.0,0,17,3,10,0,26.7,8.0,300.0,80.0,8.0,0,0
2025-05-30,Burger Buns (4 pcs),30,22,21.0,30,7,2,7,0,26.7,-1.0,147.0,-7.0,8.57,0,0
2025-05-31,Burger Buns (4 pcs),30,22,30.0,0,27,4,6,1,26.7,8.0,180.0,48.0,7.71,0,0
2025-06-01,Burger Buns (4 pcs),30,22,30.0,0,21,3,7,1,26.7,8.0,210.0,56.0,7.71,0,0
2025-06-02,Burger Buns (4 pcs),30,22,24.0,20,14,2,8,0,26.7,2.0,192.0,16.0,7.71,0,0
2025-06-03,Burger Buns (4 pcs),30,22,27.0,10,6,1,6,0,26.7,5.0,162.0,30.0,8.14,0,0
2025-06-04,Burger Buns (4 pcs),30,22,30.0,0,24,4,8,0,26.7,8.0,240.0,64.0,7.57,0,0
2025-06-05,Burger Buns (4 pcs),30,22,30.0,0,16,3,4,0,26.7,8.0,120.0,32.0,7.43,0,0
2025-06-06,Burger Buns (4 pcs),30,22,28.5,5,12,2,7,0,26.7,6.5,199.5,45.5,6.57,0,0
2025-06-07,Burger Buns (4 pcs),30,22,27.0,10,5,1,5,1,26.7,5.0,135.0,25.0,6.57,0,0
2025-06-08,Burger Buns (4 pcs),30,22,30.0,0,28,4,6,1,26.7,8.0,180.0,48.0,6.43,0,0
2025-06-09,Burger Buns (4 pcs),30,22,30.0,0,22,3,5,0,26.7,8.0,150.0,40.0,6.29,0,0
2025-06-10,Burger Buns (4 pcs),30,22,27.0,10,17,2,8,0,26.7,5.0,216.0,40.0,5.86,0,0
2025-06-11,Burger Buns (4 pcs),30,22,28.5,5,9,1,7,0,26.7,6.5,199.5,45.5,6.14,2,44
2025-06-12,Burger Buns (4 pcs),30,22,30.0,0,25,4,7,0,26.7,8.0,210.0,56.0,6.0,0,0
2025-06-13,Burger Buns (4 pcs),30,22,30.0,0,18,3,9,0,26.7,8.0,270.0,72.0,6.43,0,0
2025-06-14,Burger Buns (4 pcs),30,22,24.0,20,9,2,9,1,26.7,2.0,216.0,18.0,6.71,0,0
2025-06-15,Burger Buns (4 pcs),30,22,30.0,0,26,4,9,1,26.7,8.0,270.0,72.0,7.29,0,0
2025-06-16,Burger Buns (4 pcs),30,22,30.0,0,17,3,7,0,26.7,8.0,210.0,56.0,7.71,0,0
2025-06-17,Burger Buns (4 pcs),30,22,24.0,20,10,2,10,0,26.7,2.0,240.0,20.0,8.0,0,0
2025-06-18,Burger Buns (4 pcs),30,22,30.0,0,30,4,6,0,26.7,8.0,180.0,48.0,8.29,0,0
2025-06-19,Burger Buns (4 pcs),30,22,30.0,0,24,3,7,0,26.7,8.0,210.0,56.0,8.14,0,0
2025-06-20,Burger Buns (4 pcs),30,22,24.0,20,17,2,12,0,26.7,2.0,288.0,24.0,8.14,0,0
2025-06-21,Burger Buns (4 pcs),30,22,30.0,0,5,1,5,1,26.7,8.0,150.0,40.0,8.57,0,0
2025-06-22,Burger Buns (4 pcs),30,22,30.0,0,31,4,6,1,26.7,8.0,180.0,48.0,8.0,0,0
2025-06-23,Burger Buns (4 pcs),30,22,30.0,0,25,3,7,0,26.7,8.0,210.0,56.0,7.57,0,0
2025-06-24,Burger Buns (4 pcs),30,22,24.0,20,18,2,15,0,26.7,2.0,360.0,30.0,7.57,0,0
2025-06-25,Burger Buns (4 pcs),30,22,21.0,30,3,1,3,0,26.7,-1.0,63.0,-3.0,8.29,0,0
2025-06-26,Burger Buns (4 pcs),30,22,30.0,0,24,4,5,0,26.7,8.0,150.0,40.0,7.86,0,0
2025-06-27,Burger Buns (4 pcs),30,22,30.0,0,19,3,3,0,26.7,8.0,90.0,24.0,7.57,0,0
2025-06-28,Burger Buns (4 pcs),30,22,27.0,10,16,2,12,1,26.7,5.0,324.0,60.0,6.29,0,0
2025-06-29,Burger Buns (4 pcs),30,22,21.0,30,4,1,4,1,26.7,-1.0,84.0,-4.0,7.29,0,0
