sales.csv
date,product_name,mrp,cost_price,current_price,discount_pct,stock_qty,days_to_expiry,units_sold_today,is_weekend,margin_pct,profit_per_unit,revenue_today,profit_today,units_sold_7d_avg,waste_if_unsold,loss_if_expired
2025-01-01,Eggs (1 Dozen),85,68,85.0,0,257,14,18,0,20.0,17.0,1530.0,306.0,18.0,0,0
2025-01-02,Eggs (1 Dozen),85,68,85.0,0,239,13,28,0,20.0,17.0,2380.0,476.0,18.0,0,0
2025-01-03,Eggs (1 Dozen),85,68,85.0,0,211,12,18,0,20.0,17.0,1530.0,306.0,23.0,0,0
2025-01-04,Eggs (1 Dozen),85,68,85.0,0,193,11,21,1,20.0,17.0,1785.0,357.0,21.33,0,0
2025-01-05,Eggs (1 Dozen),85,68,85.0,0,172,10,22,1,20.0,17.0,1870.0,374.0,21.25,0,0
2025-01-06,Eggs (1 Dozen),85,68,85.0,0,150,9,26,0,20.0,17.0,2210.0,442.0,21.4,0,0
2025-01-07,Eggs (1 Dozen),85,68,85.0,0,124,8,31,0,20.0,17.0,2635.0,527.0,22.17,0,0
2025-01-08,Eggs (1 Dozen),85,68,85.0,0,93,7,16,0,20.0,17.0,1360.0,272.0,23.43,0,0
2025-01-09,Eggs (1 Dozen),85,68,85.0,0,77,6,19,0,20.0,17.0,1615.0,323.0,23.14,0,0
2025-01-10,Eggs (1 Dozen),85,68,85.0,0,58,5,18,0,20.0,17.0,1530.0,306.0,21.86,0,0
2025-01-11,Eggs (1 Dozen),85,68,85.0,0,40,4,20,1,20.0,17.0,1700.0,340.0,21.86,0,0
2025-01-12,Eggs (1 Dozen),85,68,85.0,0,20,3,20,1,20.0,17.0,1700.0,340.0,21.71,0,0
2025-01-13,Eggs (1 Dozen),85,68,85.0,0,292,14,14,0,20.0,17.0,1190.0,238.0,21.43,0,0
2025-01-14,Eggs (1 Dozen),85,68,85.0,0,278,13,22,0,20.0,17.0,1870.0,374.0,19.71,0,0
2025-01-15,Eggs (1 Dozen),85,68,85.0,0,256,12,22,0,20.0,17.0,1870.0,374.0,18.43,0,0
2025-01-16,Eggs (1 Dozen),85,68,85.0,0,234,11,19,0,20.0,17.0,1615.0,323.0,19.29,0,0
2025-01-17,Eggs (1 Dozen),85,68,85.0,0,215,10,16,0,20.0,17.0,1360.0,272.0,19.29,0,0
2025-01-18,Eggs (1 Dozen),85,68,85.0,0,199,9,24,1,20.0,17.0,2040.0,408.0,19.0,0,0
2025-01-19,Eggs (1 Dozen),85,68,85.0,0,175,8,20,1,20.0,17.0,1700.0,340.0,19.57,0,0
2025-01-20,Eggs (1 Dozen),85,68,85.0,0,155,7,24,0,20.0,17.0,2040.0,408.0,19.57,0,0
2025-01-21,Eggs (1 Dozen),85,68,85.0,0,131,6,22,0,20.0,17.0,1870.0,374.0,21.0,0,0
2025-01-22,Eggs (1 Dozen),85,68,85.0,0,109,5,16,0,20.0,17.0,1360.0,272.0,21.0,0,0
2025-01-23,Eggs (1 Dozen),85,68,85.0,0,93,4,21,0,20.0,17.0,1785.0,357.0,20.14,0,0
2025-01-24,Eggs (1 Dozen),85,68,85.0,0,72,3,27,0,20.0,17.0,2295.0,459.0,20.43,0,0
2025-01-25,Eggs (1 Dozen),85,68,68.0,20,45,2,35,1,20.0,0.0,2380.0,0.0,22.0,0,0
2025-01-26,Eggs (1 Dozen),85,68,80.75,5,10,1,10,1,20.0,12.75,807.5,127.5,23.57,0,0
2025-01-27,Eggs (1 Dozen),85,68,85.0,0,291,14,18,0,20.0,17.0,1530.0,306.0,22.14,0,0
2025-01-28,Eggs (1 Dozen),85,68,85.0,0,273,13,19,0,20.0,17.0,1615.0,323.0,21.29,0,0
2025-01-29,Eggs (1 Dozen),85,68,85.0,0,254,12,21,0,20.0,17.0,1785.0,357.0,20.86,0,0
2025-01-30,Eggs (1 Dozen),85,68,85.0,0,233,11,15,0,20.0,17.0,1275.0,255.0,21.57,0,0
2025-01-31,Eggs (1 Dozen),85,68,85.0,0,218,10,28,0,20.0,17.0,2380.0,476.0,20.71,0,0
2025-02-01,Eggs (1 Dozen),85,68,85.0,0,190,9,30,1,20.0,17.0,2550.0,510.0,20.86,0,0
2025-02-02,Eggs (1 Dozen),85,68,85.0,0,160,8,32,1,20.0,17.0,2720.0,544.0,20.14,0,0
2025-02-03,Eggs (1 Dozen),85,68,85.0,0,128,7,27,0,20.0,17.0,2295.0,459.0,23.29,0,0
2025-02-04,Eggs (1 Dozen),85,68,85.0,0,101,6,22,0,20.0,17.0,1870.0,374.0,24.57,0,0
2025-02-05,Eggs (1 Dozen),85,68,85.0,0,79,5,35,0,20.0,17.0,2975.0,595.0,25.0,0,0
2025-02-06,Eggs (1 Dozen),85,68,85.0,0,44,4,30,0,20.0,17.0,2550.0,510.0,27.0,0,0
2025-02-07,Eggs (1 Dozen),85,68,85.0,0,14,3,14,0,20.0,17.0,1190.0,238.0,29.14,0,0
2025-02-08,Eggs (1 Dozen),85,68,85.0,0,315,14,22,1,20.0,17.0,1870.0,374.0,27.14,0,0
2025-02-09,Eggs (1 Dozen),85,68,85.0,0,293,13,19,1,20.0,17.0,1615.0,323.0,26.0,0,0
2025-02-10,Eggs (1 Dozen),85,68,85.0,0,274,12,20,0,20.0,17.0,1700.0,340.0,24.14,0,0
2025-02-11,Eggs (1 Dozen),85,68,85.0,0,254,11,19,0,20.0,17.0,1615.0,323.0,23.14,0,0
2025-02-12,Eggs (1 Dozen),85,68,85.0,0,235,10,20,0,20.0,17.0,1700.0,340.0,22.71,0,0
2025-02-13,Eggs (1 Dozen),85,68,85.0,0,215,9,22,0,20.0,17.0,1870.0,374.0,20.57,0,0
2025-02-14,Eggs (1 Dozen),85,68,85.0,0,193,8,26,0,20.0,17.0,2210.0,442.0,19.43,0,0
2025-02-15,Eggs (1 Dozen),85,68,85.0,0,167,7,19,1,20.0,17.0,1615.0,323.0,21.14,0,0
2025-02-16,Eggs (1 Dozen),85,68,85.0,0,148,6,14,1,20.0,17.0,1190.0,238.0,20.71,0,0
2025-02-17,Eggs (1 Dozen),85,68,85.0,0,134,5,23,0,20.0,17.0,1955.0,391.0,20.0,0,0
2025-02-18,Eggs (1 Dozen),85,68,85.0,0,111,4,15,0,20.0,17.0,1275.0,255.0,20.43,0,0
2025-02-19,Eggs (1 Dozen),85,68,85.0,0,96,3,13,0,20.0,17.0,1105.0,221.0,19.86,0,0
2025-02-20,Eggs (1 Dozen),85,68,68.0,20,83,2,42,0,20.0,0.0,2856.0,0.0,18.86,0,0
2025-02-21,Eggs (1 Dozen),85,68,76.5,10,41,1,32,0,20.0,8.5,2448.0,272.0,21.71,9,612
2025-02-22,Eggs (1 Dozen),85,68,85.0,0,328,14,26,1,20.0,17.0,2210.0,442.0,22.57,0,0
2025-02-23,Eggs (1 Dozen),85,68,85.0,0,302,13,28,1,20.0,17.0,2380.0,476.0,23.57,0,0
2025-02-24,Eggs (1 Dozen),85,68,85.0,0,274,12,16,0,20.0,17.0,1360.0,272.0,25.57,0,0
2025-02-25,Eggs (1 Dozen),85,68,85.0,0,258,11,20,0,20.0,17.0,1700.0,340.0,24.57,0,0
2025-02-26,Eggs (1 Dozen),85,68,85.0,0,238,10,15,0,20.0,17.0,1275.0,255.0,25.29,0,0
2025-02-27,Eggs (1 Dozen),85,68,85.0,0,223,9,28,0,20.0,17.0,2380.0,476.0,25.57,0,0
2025-02-28,Eggs (1 Dozen),85,68,85.0,0,195,8,22,0,20.0,17.0,1870.0,374.0,23.57,0,0
2025-03-01,Eggs (1 Dozen),85,68,85.0,0,173,7,23,1,20.0,17.0,1955.0,391.0,22.14,0,0
2025-03-02,Eggs (1 Dozen),85,68,85.0,0,150,6,21,1,20.0,17.0,1785.0,357.0,21.71,0,0
2025-03-03,Eggs (1 Dozen),85,68,85.0,0,129,5,14,0,20.0,17.0,1190.0,238.0,20.71,0,0
2025-03-04,Eggs (1 Dozen),85,68,85.0,0,115,4,20,0,20.0,17.0,1700.0,340.0,20.43,0,0
2025-03-05,Eggs (1 Dozen),85,68,85.0,0,95,3,16,0,20.0,17.0,1360.0,272.0,20.43,0,0
2025-03-06,Eggs (1 Dozen),85,68,68.0,20,79,2,39,0,20.0,0.0,2652.0,0.0,20.57,0,0
2025-03-07,Eggs (1 Dozen),85,68,68.0,20,40,1,39,0,20.0,0.0,2652.0,0.0,22.14,1,68
2025-03-08,Eggs (1 Dozen),85,68,85.0,0,360,14,24,1,20.0,17.0,2040.0,408.0,24.57,0,0
2025-03-09,Eggs (1 Dozen),85,68,85.0,0,336,13,18,1,20.0,17.0,1530.0,306.0,24.71,0,0
2025-03-10,Eggs (1 Dozen),85,68,85.0,0,318,12,18,0,20.0,17.0,1530.0,306.0,24.29,0,0
2025-03-11,Eggs (1 Dozen),85,68,85.0,0,300,11,20,0,20.0,17.0,1700.0,340.0,24.86,0,0
2025-03-12,Eggs (1 Dozen),85,68,85.0,0,280,10,19,0,20.0,17.0,1615.0,323.0,24.86,0,0
2025-03-13,Eggs (1 Dozen),85,68,85.0,0,261,9,17,0,20.0,17.0,1445.0,289.0,25.29,0,0
2025-03-14,Eggs (1 Dozen),85,68,85.0,0,244,8,29,0,20.0,17.0,2465.0,493.0,22.14,0,0
2025-03-15,Eggs (1 Dozen),85,68,85.0,0,215,7,21,1,20.0,17.0,1785.0,357.0,20.71,0,0
2025-03-16,Eggs (1 Dozen),85,68,85.0,0,194,6,24,1,20.0,17.0,2040.0,408.0,20.29,0,0
2025-03-17,Eggs (1 Dozen),85,68,85.0,0,170,5,24,0,20.0,17.0,2040.0,408.0,21.14,0,0
2025-03-18,Eggs (1 Dozen),85,68,85.0,0,146,4,9,0,20.0,17.0,765.0,153.0,22.0,0,0
2025-03-19,Eggs (1 Dozen),85,68,85.0,0,137,3,20,0,20.0,17.0,1700.0,340.0,20.43,0,0
2025-03-20,Eggs (1 Dozen),85,68,59.5,30,117,2,34,0,20.0,-8.5,2023.0,-289.0,20.57,0,0
2025-03-21,Eggs (1 Dozen),85,68,59.5,30,83,1,43,0,20.0,-8.5,2558.5,-365.5,23.0,40,2720
2025-03-22,Eggs (1 Dozen),85,68,85.0,0,296,14,26,1,20.0,17.0,2210.0,442.0,25.0,0,0
2025-03-23,Eggs (1 Dozen),85,68,85.0,0,270,13,26,1,20.0,17.0,2210.0,442.0,25.71,0,0
2025-03-24,Eggs (1 Dozen),85,68,85.0,0,244,12,25,0,20.0,17.0,2125.0,425.0,26.0,0,0
2025-03-25,Eggs (1 Dozen),85,68,85.0,0,219,11,15,0,20.0,17.0,1275.0,255.0,26.14,0,0
2025-03-26,Eggs (1 Dozen),85,68,85.0,0,204,10,16,0,20.0,17.0,1360.0,272.0,27.0,0,0
2025-03-27,Eggs (1 Dozen),85,68,85.0,0,188,9,21,0,20.0,17.0,1785.0,357.0,26.43,0,0
2025-03-28,Eggs (1 Dozen),85,68,85.0,0,167,8,26,0,20.0,17.0,2210.0,442.0,24.57,0,0
2025-03-29,Eggs (1 Dozen),85,68,85.0,0,141,7,15,1,20.0,17.0,1275.0,255.0,22.14,0,0
2025-03-30,Eggs (1 Dozen),85,68,85.0,0,126,6,22,1,20.0,17.0,1870.0,374.0,20.57,0,0
2025-03-31,Eggs (1 Dozen),85,68,85.0,0,104,5,21,0,20.0,17.0,1785.0,357.0,20.0,0,0
2025-04-01,Eggs (1 Dozen),85,68,85.0,0,83,4,21,0,20.0,17.0,1785.0,357.0,19.43,0,0
2025-04-02,Eggs (1 Dozen),85,68,85.0,0,62,3,22,0,20.0,17.0,1870.0,374.0,20.29,0,0
2025-04-03,Eggs (1 Dozen),85,68,68.0,20,40,2,40,0,20.0,0.0,2720.0,0.0,21.14,0,0
2025-04-04,Eggs (1 Dozen),85,68,85.0,0,353,14,27,0,20.0,17.0,2295.0,459.0,23.86,0,0
2025-04-05,Eggs (1 Dozen),85,68,85.0,0,326,13,27,1,20.0,17.0,2295.0,459.0,24.0,0,0
2025-04-06,Eggs (1 Dozen),85,68,85.0,0,299,12,27,1,20.0,17.0,2295.0,459.0,25.71,0,0
2025-04-07,Eggs (1 Dozen),85,68,85.0,0,272,11,9,0,20.0,17.0,765.0,153.0,26.43,0,0
2025-04-08,Eggs (1 Dozen),85,68,85.0,0,263,10,20,0,20.0,17.0,1700.0,340.0,24.71,0,0
2025-04-09,Eggs (1 Dozen),85,68,85.0,0,243,9,24,0,20.0,17.0,2040.0,408.0,24.57,0,0
2025-04-10,Eggs (1 Dozen),85,68,85.0,0,219,8,12,0,20.0,17.0,1020.0,204.0,24.86,0,0
2025-04-11,Eggs (1 Dozen),85,68,85.0,0,207,7,25,0,20.0,17.0,2125.0,425.0,20.86,0,0
2025-04-12,Eggs (1 Dozen),85,68,85.0,0,182,6,28,1,20.0,17.0,2380.0,476.0,20.57,0,0
2025-04-13,Eggs (1 Dozen),85,68,85.0,0,154,5,22,1,20.0,17.0,1870.0,374.0,20.71,0,0
2025-04-14,Eggs (1 Dozen),85,68,85.0,0,132,4,14,0,20.0,17.0,1190.0,238.0,20.0,0,0
2025-04-15,Eggs (1 Dozen),85,68,85.0,0,118,3,21,0,20.0,17.0,1785.0,357.0,20.71,0,0
2025-04-16,Eggs (1 Dozen),85,68,51.0,40,97,2,54,0,20.0,-17.0,2754.0,-918.0,20.86,0,0
2025-04-17,Eggs (1 Dozen),85,68,85.0,0,43,1,20,0,20.0,17.0,1700.0,340.0,25.14,23,1564
2025-04-18,Eggs (1 Dozen),85,68,85.0,0,301,14,14,0,20.0,17.0,1190.0,238.0,26.29,0,0
2025-04-19,Eggs (1 Dozen),85,68,85.0,0,287,13,27,1,20.0,17.0,2295.0,459.0,24.71,0,0
2025-04-20,Eggs (1 Dozen),85,68,85.0,0,260,12,21,1,20.0,17.0,1785.0,357.0,24.57,0,0
2025-04-21,Eggs (1 Dozen),85,68,85.0,0,239,11,14,0,20.0,17.0,1190.0,238.0,24.43,0,0
2025-04-22,Eggs (1 Dozen),85,68,85.0,0,225,10,21,0,20.0,17.0,1785.0,357.0,24.43,0,0
2025-04-23,Eggs (1 Dozen),85,68,85.0,0,204,9,28,0,20.0,17.0,2380.0,476.0,24.43,0,0
2025-04-24,Eggs (1 Dozen),85,68,85.0,0,176,8,15,0,20.0,17.0,1275.0,255.0,20.71,0,0
2025-04-25,Eggs (1 Dozen),85,68,85.0,0,161,7,17,0,20.0,17.0,1445.0,289.0,20.0,0,0
2025-04-26,Eggs (1 Dozen),85,68,85.0,0,144,6,25,1,20.0,17.0,2125.0,425.0,20.43,0,0
2025-04-27,Eggs (1 Dozen),85,68,85.0,0,119,5,24,1,20.0,17.0,2040.0,408.0,20.14,0,0
2025-04-28,Eggs (1 Dozen),85,68,85.0,0,95,4,27,0,20.0,17.0,2295.0,459.0,20.57,0,0
2025-04-29,Eggs (1 Dozen),85,68,85.0,0,68,3,27,0,20.0,17.0,2295.0,459.0,22.43,0,0
2025-04-30,Eggs (1 Dozen),85,68,59.5,30,41,2,41,0,20.0,-8.5,2439.5,-348.5,23.29,0,0
2025-05-01,Eggs (1 Dozen),85,68,85.0,0,260,14,18,0,20.0,17.0,1530.0,306.0,25.14,0,0
2025-05-02,Eggs (1 Dozen),85,68,85.0,0,242,13,26,0,20.0,17.0,2210.0,442.0,25.57,0,0
2025-05-03,Eggs (1 Dozen),85,68,85.0,0,216,12,26,1,20.0,17.0,2210.0,442.0,26.86,0,0
2025-05-04,Eggs (1 Dozen),85,68,85.0,0,190,11,18,1,20.0,17.0,1530.0,306.0,27.0,0,0
2025-05-05,Eggs (1 Dozen),85,68,85.0,0,172,10,17,0,20.0,17.0,1445.0,289.0,26.14,0,0
2025-05-06,Eggs (1 Dozen),85,68,85.0,0,155,9,20,0,20.0,17.0,1700.0,340.0,24.71,0,0
2025-05-07,Eggs (1 Dozen),85,68,85.0,0,135,8,19,0,20.0,17.0,1615.0,323.0,23.71,0,0
2025-05-08,Eggs (1 Dozen),85,68,85.0,0,116,7,25,0,20.0,17.0,2125.0,425.0,20.57,0,0
2025-05-09,Eggs (1 Dozen),85,68,85.0,0,91,6,25,0,20.0,17.0,2125.0,425.0,21.57,0,0
2025-05-10,Eggs (1 Dozen),85,68,85.0,0,66,5,20,1,20.0,17.0,1700.0,340.0,21.43,0,0
2025-05-11,Eggs (1 Dozen),85,68,85.0,0,46,4,27,1,20.0,17.0,2295.0,459.0,20.57,0,0
2025-05-12,Eggs (1 Dozen),85,68,85.0,0,19,3,19,0,20.0,17.0,1615.0,323.0,21.86,0,0
2025-05-13,Eggs (1 Dozen),85,68,85.0,0,300,14,21,0,20.0,17.0,1785.0,357.0,22.14,0,0
2025-05-14,Eggs (1 Dozen),85,68,85.0,0,279,13,34,0,20.0,17.0,2890.0,578.0,22.29,0,0
2025-05-15,Eggs (1 Dozen),85,68,85.0,0,245,12,21,0,20.0,17.0,1785.0,357.0,24.43,0,0
2025-05-16,Eggs (1 Dozen),85,68,85.0,0,224,11,26,0,20.0,17.0,2210.0,442.0,23.86,0,0
2025-05-17,Eggs (1 Dozen),85,68,85.0,0,198,10,23,1,20.0,17.0,1955.0,391.0,24.0,0,0
2025-05-18,Eggs (1 Dozen),85,68,85.0,0,175,9,22,1,20.0,17.0,1870.0,374.0,24.43,0,0
2025-05-19,Eggs (1 Dozen),85,68,85.0,0,153,8,19,0,20.0,17.0,1615.0,323.0,23.71,0,0
2025-05-20,Eggs (1 Dozen),85,68,85.0,0,134,7,23,0,20.0,17.0,1955.0,391.0,23.71,0,0
2025-05-21,Eggs (1 Dozen),85,68,85.0,0,111,6,14,0,20.0,17.0,1190.0,238.0,24.0,0,0
2025-05-22,Eggs (1 Dozen),85,68,85.0,0,97,5,28,0,20.0,17.0,2380.0,476.0,21.14,0,0
2025-05-23,Eggs (1 Dozen),85,68,85.0,0,69,4,25,0,20.0,17.0,2125.0,425.0,22.14,0,0
2025-05-24,Eggs (1 Dozen),85,68,85.0,0,44,3,18,1,20.0,17.0,1530.0,306.0,22.0,0,0
2025-05-25,Eggs (1 Dozen),85,68,76.5,10,26,2,26,1,20.0,8.5,1989.0,221.0,21.29,0,0
2025-05-26,Eggs (1 Dozen),85,68,85.0,0,359,14,23,0,20.0,17.0,1955.0,391.0,21.86,0,0
2025-05-27,Eggs (1 Dozen),85,68,85.0,0,336,13,18,0,20.0,17.0,1530.0,306.0,22.43,0,0
2025-05-28,Eggs (1 Dozen),85,68,85.0,0,318,12,21,0,20.0,17.0,1785.0,357.0,21.71,0,0
2025-05-29,Eggs (1 Dozen),85,68,85.0,0,297,11,22,0,20.0,17.0,1870.0,374.0,22.71,0,0
2025-05-30,Eggs (1 Dozen),85,68,85.0,0,275,10,22,0,20.0,17.0,1870.0,374.0,21.86,0,0
2025-05-31,Eggs (1 Dozen),85,68,85.0,0,253,9,26,1,20.0,17.0,2210.0,442.0,21.43,0,0
2025-06-01,Eggs (1 Dozen),85,68,85.0,0,227,8,30,1,20.0,17.0,2550.0,510.0,22.57,0,0
2025-06-02,Eggs (1 Dozen),85,68,85.0,0,197,7,16,0,20.0,17.0,1360.0,272.0,23.14,0,0
2025-06-03,Eggs (1 Dozen),85,68,85.0,0,181,6,17,0,20.0,17.0,1445.0,289.0,22.14,0,0
2025-06-04,Eggs (1 Dozen),85,68,85.0,0,164,5,25,0,20.0,17.0,2125.0,425.0,22.0,0,0
2025-06-05,Eggs (1 Dozen),85,68,85.0,0,139,4,16,0,20.0,17.0,1360.0,272.0,22.57,0,0
2025-06-06,Eggs (1 Dozen),85,68,85.0,0,123,3,20,0,20.0,17.0,1700.0,340.0,21.71,0,0
2025-06-07,Eggs (1 Dozen),85,68,80.75,5,103,2,28,1,20.0,12.75,2261.0,357.0,21.43,0,0
2025-06-08,Eggs (1 Dozen),85,68,68.0,20,75,1,47,1,20.0,0.0,3196.0,0.0,21.71,28,1904
2025-06-09,Eggs (1 Dozen),85,68,85.0,0,306,14,13,0,20.0,17.0,1105.0,221.0,24.14,0,0
2025-06-10,Eggs (1 Dozen),85,68,85.0,0,293,13,15,0,20.0,17.0,1275.0,255.0,23.71,0,0
2025-06-11,Eggs (1 Dozen),85,68,85.0,0,278,12,17,0,20.0,17.0,1445.0,289.0,23.43,0,0
2025-06-12,Eggs (1 Dozen),85,68,85.0,0,261,11,15,0,20.0,17.0,1275.0,255.0,22.29,0,0
2025-06-13,Eggs (1 Dozen),85,68,85.0,0,246,10,18,0,20.0,17.0,1530.0,306.0,22.14,0,0
2025-06-14,Eggs (1 Dozen),85,68,85.0,0,228,9,35,1,20.0,17.0,2975.0,595.0,21.86,0,0
2025-06-15,Eggs (1 Dozen),85,68,85.0,0,193,8,23,1,20.0,17.0,1955.0,391.0,22.86,0,0
2025-06-16,Eggs (1 Dozen),85,68,85.0,0,170,7,12,0,20.0,17.0,1020.0,204.0,19.43,0,0
2025-06-17,Eggs (1 Dozen),85,68,85.0,0,158,6,19,0,20.0,17.0,1615.0,323.0,19.29,0,0
2025-06-18,Eggs (1 Dozen),85,68,85.0,0,139,5,23,0,20.0,17.0,1955.0,391.0,19.86,0,0
2025-06-19,Eggs (1 Dozen),85,68,85.0,0,116,4,26,0,20.0,17.0,2210.0,442.0,20.71,0,0
2025-06-20,Eggs (1 Dozen),85,68,85.0,0,90,3,12,0,20.0,17.0,1020.0,204.0,22.29,0,0
2025-06-21,Eggs (1 Dozen),85,68,59.5,30,78,2,39,1,20.0,-8.5,2320.5,-331.5,21.43,0,0
2025-06-22,Eggs (1 Dozen),85,68,68.0,20,39,1,39,1,20.0,0.0,2652.0,0.0,22.0,0,0
2025-06-23,Eggs (1 Dozen),85,68,85.0,0,268,14,21,0,20.0,17.0,1785.0,357.0,24.29,0,0
2025-06-24,Eggs (1 Dozen),85,68,85.0,0,247,13,20,0,20.0,17.0,1700.0,340.0,25.57,0,0
2025-06-25,Eggs (1 Dozen),85,68,85.0,0,227,12,22,0,20.0,17.0,1870.0,374.0,25.71,0,0
2025-06-26,Eggs (1 Dozen),85,68,85.0,0,205,11,19,0,20.0,17.0,1615.0,323.0,25.57,0,0
2025-06-27,Eggs (1 Dozen),85,68,85.0,0,186,10,16,0,20.0,17.0,1360.0,272.0,24.57,0,0
2025-06-28,Eggs (1 Dozen),85,68,85.0,0,170,9,21,1,20.0,17.0,1785.0,357.0,25.14,0,0
2025-06-29,Eggs (1 Dozen),85,68,85.0,0,149,8,27,1,20.0,17.0,2295.0,459.0,22.57,0,0
