sales.csv
date,product_name,mrp,cost_price,current_price,discount_pct,stock_qty,days_to_expiry,units_sold_today,is_weekend,margin_pct,profit_per_unit,revenue_today,profit_today,units_sold_7d_avg,waste_if_unsold,loss_if_expired
2025-01-01,Milk 1L,66,58,39.6,40,37,2,37,0,12.1,-18.4,1465.2,-680.8,37.0,0,0
2025-01-02,Milk 1L,66,58,39.6,40,41,2,33,0,12.1,-18.4,1306.8,-607.2,37.0,0,0
2025-01-03,Milk 1L,66,58,52.8,20,8,1,8,0,12.1,-5.2,422.4,-41.6,35.0,0,0
2025-01-04,Milk 1L,66,58,52.8,20,45,2,45,1,12.1,-5.2,2376.0,-234.0,26.0,0,0
2025-01-05,Milk 1L,66,58,59.4,10,43,2,32,1,12.1,1.4,1900.8,44.8,30.75,0,0
2025-01-06,Milk 1L,66,58,66.0,0,11,1,11,0,12.1,8.0,726.0,88.0,31.0,0,0
2025-01-07,Milk 1L,66,58,66.0,0,46,2,14,0,12.1,8.0,924.0,112.0,27.67,0,0
2025-01-08,Milk 1L,66,58,39.6,40,32,1,32,0,12.1,-18.4,1267.2,-588.8,25.71,0,0
2025-01-09,Milk 1L,66,58,39.6,40,51,2,38,0,12.1,-18.4,1504.8,-699.2,25.0,0,0
2025-01-10,Milk 1L,66,58,62.7,5,13,1,13,0,12.1,4.7,815.1,61.1,25.71,0,0
2025-01-11,Milk 1L,66,58,39.6,40,45,2,45,1,12.1,-18.4,1782.0,-828.0,26.43,0,0
2025-01-12,Milk 1L,66,58,46.2,30,39,2,39,1,12.1,-11.8,1801.8,-460.2,26.43,0,0
2025-01-13,Milk 1L,66,58,59.4,10,51,2,20,0,12.1,1.4,1188.0,28.0,27.43,0,0
2025-01-14,Milk 1L,66,58,59.4,10,31,1,31,0,12.1,1.4,1841.4,43.4,28.71,0,0
2025-01-15,Milk 1L,66,58,52.8,20,48,2,30,0,12.1,-5.2,1584.0,-156.0,31.14,0,0
2025-01-16,Milk 1L,66,58,52.8,20,18,1,18,0,12.1,-5.2,950.4,-93.6,30.86,0,0
2025-01-17,Milk 1L,66,58,52.8,20,40,2,32,0,12.1,-5.2,1689.6,-166.4,28.0,0,0
2025-01-18,Milk 1L,66,58,52.8,20,8,1,8,1,12.1,-5.2,422.4,-41.6,30.71,0,0
2025-01-19,Milk 1L,66,58,39.6,40,43,2,43,1,12.1,-18.4,1702.8,-791.2,25.43,0,0
2025-01-20,Milk 1L,66,58,66.0,0,43,2,20,0,12.1,8.0,1320.0,160.0,26.0,0,0
2025-01-21,Milk 1L,66,58,52.8,20,23,1,23,0,12.1,-5.2,1214.4,-119.6,26.0,0,0
2025-01-22,Milk 1L,66,58,66.0,0,44,2,25,0,12.1,8.0,1650.0,200.0,24.86,0,0
2025-01-23,Milk 1L,66,58,46.2,30,19,1,19,0,12.1,-11.8,877.8,-224.2,24.14,0,0
2025-01-24,Milk 1L,66,58,52.8,20,50,2,36,0,12.1,-5.2,1900.8,-187.2,24.29,0,0
2025-01-25,Milk 1L,66,58,52.8,20,14,1,14,1,12.1,-5.2,739.2,-72.8,24.86,0,0
2025-01-26,Milk 1L,66,58,46.2,30,43,2,43,1,12.1,-11.8,1986.6,-507.4,25.71,0,0
2025-01-27,Milk 1L,66,58,62.7,5,43,2,28,0,12.1,4.7,1755.6,131.6,25.71,0,0
2025-01-28,Milk 1L,66,58,62.7,5,15,1,15,0,12.1,4.7,940.5,70.5,26.86,0,0
2025-01-29,Milk 1L,66,58,59.4,10,50,2,24,0,12.1,1.4,1425.6,33.6,25.71,0,0
2025-01-30,Milk 1L,66,58,59.4,10,26,1,26,0,12.1,1.4,1544.4,36.4,25.57,0,0
2025-01-31,Milk 1L,66,58,52.8,20,48,2,32,0,12.1,-5.2,1689.6,-166.4,26.57,0,0
2025-02-01,Milk 1L,66,58,52.8,20,16,1,16,1,12.1,-5.2,844.8,-83.2,26.0,0,0
2025-02-02,Milk 1L,66,58,62.7,5,41,2,30,1,12.1,4.7,1881.0,141.0,26.29,0,0
2025-02-03,Milk 1L,66,58,66.0,0,11,1,11,0,12.1,8.0,726.0,88.0,24.43,0,0
2025-02-04,Milk 1L,66,58,46.2,30,48,2,38,0,12.1,-11.8,1755.6,-448.4,22.0,0,0
2025-02-05,Milk 1L,66,58,62.7,5,10,1,10,0,12.1,4.7,627.0,47.0,25.29,0,0
2025-02-06,Milk 1L,66,58,59.4,10,43,2,26,0,12.1,1.4,1544.4,36.4,23.29,0,0
2025-02-07,Milk 1L,66,58,59.4,10,17,1,17,0,12.1,1.4,1009.8,23.8,23.29,0,0
2025-02-08,Milk 1L,66,58,59.4,10,43,2,34,1,12.1,1.4,2019.6,47.6,21.14,0,0
2025-02-09,Milk 1L,66,58,46.2,30,9,1,9,1,12.1,-11.8,415.8,-106.2,23.71,0,0
2025-02-10,Milk 1L,66,58,46.2,30,46,2,44,0,12.1,-11.8,2032.8,-519.2,20.71,0,0
2025-02-11,Milk 1L,66,58,66.0,0,2,1,2,0,12.1,8.0,132.0,16.0,25.43,0,0
2025-02-12,Milk 1L,66,58,52.8,20,45,2,43,0,12.1,-5.2,2270.4,-223.6,20.29,0,0
2025-02-13,Milk 1L,66,58,62.7,5,2,1,2,0,12.1,4.7,125.4,9.4,25.0,0,0
2025-02-14,Milk 1L,66,58,59.4,10,42,2,33,0,12.1,1.4,1960.2,46.2,21.57,0,0
2025-02-15,Milk 1L,66,58,59.4,10,9,1,9,1,12.1,1.4,534.6,12.6,23.86,0,0
2025-02-16,Milk 1L,66,58,62.7,5,39,2,28,1,12.1,4.7,1755.6,131.6,20.29,0,0
2025-02-17,Milk 1L,66,58,52.8,20,11,1,11,0,12.1,-5.2,580.8,-57.2,23.0,0,0
2025-02-18,Milk 1L,66,58,59.4,10,49,2,37,0,12.1,1.4,2197.8,51.8,18.29,0,0
2025-02-19,Milk 1L,66,58,52.8,20,12,1,12,0,12.1,-5.2,633.6,-62.4,23.29,0,0
2025-02-20,Milk 1L,66,58,39.6,40,40,2,38,0,12.1,-18.4,1504.8,-699.2,18.86,0,0
2025-02-21,Milk 1L,66,58,59.4,10,2,1,2,0,12.1,1.4,118.8,2.8,24.0,0,0
2025-02-22,Milk 1L,66,58,59.4,10,48,2,43,1,12.1,1.4,2554.2,60.2,19.57,0,0
2025-02-23,Milk 1L,66,58,66.0,0,5,1,5,1,12.1,8.0,330.0,40.0,24.43,0,0
2025-02-24,Milk 1L,66,58,46.2,30,44,2,29,0,12.1,-11.8,1339.8,-342.2,21.14,0,0
2025-02-25,Milk 1L,66,58,52.8,20,15,1,15,0,12.1,-5.2,792.0,-78.0,23.71,0,0
2025-02-26,Milk 1L,66,58,59.4,10,39,2,30,0,12.1,1.4,1782.0,42.0,20.57,0,0
2025-02-27,Milk 1L,66,58,52.8,20,9,1,9,0,12.1,-5.2,475.2,-46.8,23.14,0,0
2025-02-28,Milk 1L,66,58,62.7,5,51,2,31,0,12.1,4.7,1943.7,145.7,19.0,0,0
2025-03-01,Milk 1L,66,58,66.0,0,20,1,20,1,12.1,8.0,1320.0,160.0,23.14,0,0
2025-03-02,Milk 1L,66,58,52.8,20,39,2,38,1,12.1,-5.2,2006.4,-197.6,19.86,0,0
2025-03-03,Milk 1L,66,58,39.6,40,1,1,1,0,12.1,-18.4,39.6,-18.4,24.57,0,0
2025-03-04,Milk 1L,66,58,59.4,10,40,2,27,0,12.1,1.4,1603.8,37.8,20.57,0,0
2025-03-05,Milk 1L,66,58,46.2,30,13,1,13,0,12.1,-11.8,600.6,-153.4,22.29,0,0
2025-03-06,Milk 1L,66,58,52.8,20,39,2,39,0,12.1,-5.2,2059.2,-202.8,19.86,0,0
2025-03-07,Milk 1L,66,58,46.2,30,51,2,51,0,12.1,-11.8,2356.2,-601.8,24.14,0,0
2025-03-08,Milk 1L,66,58,46.2,30,37,2,37,1,12.1,-11.8,1709.4,-436.6,27.0,0,0
2025-03-09,Milk 1L,66,58,62.7,5,48,2,33,1,12.1,4.7,2069.1,155.1,29.43,0,0
2025-03-10,Milk 1L,66,58,46.2,30,15,1,15,0,12.1,-11.8,693.0,-177.0,28.71,0,0
2025-03-11,Milk 1L,66,58,52.8,20,49,2,31,0,12.1,-5.2,1636.8,-161.2,30.71,0,0
2025-03-12,Milk 1L,66,58,62.7,5,18,1,18,0,12.1,4.7,1128.6,84.6,31.29,0,0
2025-03-13,Milk 1L,66,58,59.4,10,45,2,26,0,12.1,1.4,1544.4,36.4,32.0,0,0
2025-03-14,Milk 1L,66,58,52.8,20,19,1,19,0,12.1,-5.2,1003.2,-98.8,30.14,0,0
2025-03-15,Milk 1L,66,58,39.6,40,49,2,49,1,12.1,-18.4,1940.4,-901.6,25.57,0,0
2025-03-16,Milk 1L,66,58,66.0,0,52,2,22,1,12.1,8.0,1452.0,176.0,27.29,0,0
2025-03-17,Milk 1L,66,58,59.4,10,30,1,30,0,12.1,1.4,1782.0,42.0,25.71,0,0
2025-03-18,Milk 1L,66,58,46.2,30,52,2,35,0,12.1,-11.8,1617.0,-413.0,27.86,0,0
2025-03-19,Milk 1L,66,58,59.4,10,17,1,17,0,12.1,1.4,1009.8,23.8,28.43,0,0
2025-03-20,Milk 1L,66,58,66.0,0,49,2,16,0,12.1,8.0,1056.0,128.0,28.29,0,0
2025-03-21,Milk 1L,66,58,52.8,20,33,1,33,0,12.1,-5.2,1742.4,-171.6,26.86,0,0
2025-03-22,Milk 1L,66,58,46.2,30,42,2,42,1,12.1,-11.8,1940.4,-495.6,28.86,0,0
2025-03-23,Milk 1L,66,58,59.4,10,48,2,42,1,12.1,1.4,2494.8,58.8,27.86,0,0
2025-03-24,Milk 1L,66,58,46.2,30,6,1,6,0,12.1,-11.8,277.2,-70.8,30.71,0,0
2025-03-25,Milk 1L,66,58,62.7,5,48,2,20,0,12.1,4.7,1254.0,94.0,27.29,0,0
2025-03-26,Milk 1L,66,58,39.6,40,28,1,28,0,12.1,-18.4,1108.8,-515.2,25.14,0,0
2025-03-27,Milk 1L,66,58,52.8,20,48,2,36,0,12.1,-5.2,1900.8,-187.2,26.71,0,0
2025-03-28,Milk 1L,66,58,52.8,20,12,1,12,0,12.1,-5.2,633.6,-62.4,29.57,0,0
2025-03-29,Milk 1L,66,58,62.7,5,45,2,40,1,12.1,4.7,2508.0,188.0,26.57,0,0
2025-03-30,Milk 1L,66,58,62.7,5,5,1,5,1,12.1,4.7,313.5,23.5,26.29,0,0
2025-03-31,Milk 1L,66,58,66.0,0,38,2,20,0,12.1,8.0,1320.0,160.0,21.0,0,0
2025-04-01,Milk 1L,66,58,52.8,20,18,1,18,0,12.1,-5.2,950.4,-93.6,23.0,0,0
2025-04-02,Milk 1L,66,58,52.8,20,44,2,36,0,12.1,-5.2,1900.8,-187.2,22.71,0,0
2025-04-03,Milk 1L,66,58,52.8,20,8,1,8,0,12.1,-5.2,422.4,-41.6,23.86,0,0
2025-04-04,Milk 1L,66,58,62.7,5,40,2,23,0,12.1,4.7,1442.1,108.1,19.86,0,0
2025-04-05,Milk 1L,66,58,59.4,10,17,1,17,1,12.1,1.4,1009.8,23.8,21.43,0,0
2025-04-06,Milk 1L,66,58,62.7,5,41,2,26,1,12.1,4.7,1630.2,122.2,18.14,0,0
2025-04-07,Milk 1L,66,58,59.4,10,15,1,15,0,12.1,1.4,891.0,21.0,21.14,0,0
2025-04-08,Milk 1L,66,58,52.8,20,46,2,27,0,12.1,-5.2,1425.6,-140.4,20.43,0,0
2025-04-09,Milk 1L,66,58,52.8,20,19,1,19,0,12.1,-5.2,1003.2,-98.8,21.71,0,0
2025-04-10,Milk 1L,66,58,59.4,10,43,2,21,0,12.1,1.4,1247.4,29.4,19.29,0,0
2025-04-11,Milk 1L,66,58,59.4,10,22,1,22,0,12.1,1.4,1306.8,30.8,21.14,0,0
2025-04-12,Milk 1L,66,58,52.8,20,49,2,49,1,12.1,-5.2,2587.2,-254.8,21.0,0,0
2025-04-13,Milk 1L,66,58,52.8,20,44,2,44,1,12.1,-5.2,2323.2,-228.8,25.57,0,0
2025-04-14,Milk 1L,66,58,52.8,20,44,2,39,0,12.1,-5.2,2059.2,-202.8,28.14,0,0
2025-04-15,Milk 1L,66,58,52.8,20,5,1,5,0,12.1,-5.2,264.0,-26.0,31.57,0,0
2025-04-16,Milk 1L,66,58,52.8,20,44,2,44,0,12.1,-5.2,2323.2,-228.8,28.43,0,0
2025-04-17,Milk 1L,66,58,62.7,5,39,2,18,0,12.1,4.7,1128.6,84.6,32.0,0,0
2025-04-18,Milk 1L,66,58,59.4,10,21,1,21,0,12.1,1.4,1247.4,29.4,31.57,0,0
2025-04-19,Milk 1L,66,58,52.8,20,37,2,36,1,12.1,-5.2,1900.8,-187.2,31.43,0,0
2025-04-20,Milk 1L,66,58,59.4,10,1,1,1,1,12.1,1.4,59.4,1.4,29.57,0,0
2025-04-21,Milk 1L,66,58,62.7,5,48,2,32,0,12.1,4.7,2006.4,150.4,23.43,0,0
2025-04-22,Milk 1L,66,58,46.2,30,16,1,16,0,12.1,-11.8,739.2,-188.8,22.43,0,0
2025-04-23,Milk 1L,66,58,59.4,10,40,2,32,0,12.1,1.4,1900.8,44.8,24.0,0,0
2025-04-24,Milk 1L,66,58,39.6,40,8,1,8,0,12.1,-18.4,316.8,-147.2,22.29,0,0
2025-04-25,Milk 1L,66,58,59.4,10,49,2,37,0,12.1,1.4,2197.8,51.8,20.86,0,0
2025-04-26,Milk 1L,66,58,59.4,10,12,1,12,1,12.1,1.4,712.8,16.8,23.14,0,0
2025-04-27,Milk 1L,66,58,52.8,20,44,2,40,1,12.1,-5.2,2112.0,-208.0,19.71,0,0
2025-04-28,Milk 1L,66,58,59.4,10,4,1,4,0,12.1,1.4,237.6,5.6,25.29,0,0
2025-04-29,Milk 1L,66,58,46.2,30,39,2,38,0,12.1,-11.8,1755.6,-448.4,21.29,0,0
2025-04-30,Milk 1L,66,58,46.2,30,1,1,1,0,12.1,-11.8,46.2,-11.8,24.43,0,0
2025-05-01,Milk 1L,66,58,62.7,5,41,2,28,0,12.1,4.7,1755.6,131.6,20.0,0,0
2025-05-02,Milk 1L,66,58,66.0,0,13,1,13,0,12.1,8.0,858.0,104.0,22.86,0,0
2025-05-03,Milk 1L,66,58,59.4,10,43,2,43,1,12.1,1.4,2554.2,60.2,19.43,0,0
2025-05-04,Milk 1L,66,58,39.6,40,39,2,39,1,12.1,-18.4,1544.4,-717.6,23.86,0,0
2025-05-05,Milk 1L,66,58,52.8,20,39,2,39,0,12.1,-5.2,2059.2,-202.8,23.71,0,0
2025-05-06,Milk 1L,66,58,52.8,20,51,2,31,0,12.1,-5.2,1636.8,-161.2,28.71,0,0
2025-05-07,Milk 1L,66,58,59.4,10,20,1,20,0,12.1,1.4,1188.0,28.0,27.71,0,0
2025-05-08,Milk 1L,66,58,52.8,20,42,2,39,0,12.1,-5.2,2059.2,-202.8,30.43,0,0
2025-05-09,Milk 1L,66,58,46.2,30,3,1,3,0,12.1,-11.8,138.6,-35.4,32.0,0,0
2025-05-10,Milk 1L,66,58,52.8,20,38,2,38,1,12.1,-5.2,2006.4,-197.6,30.57,0,0
2025-05-11,Milk 1L,66,58,62.7,5,37,2,29,1,12.1,4.7,1818.3,136.3,29.86,0,0
2025-05-12,Milk 1L,66,58,62.7,5,8,1,8,0,12.1,4.7,501.6,37.6,28.43,0,0
2025-05-13,Milk 1L,66,58,39.6,40,48,2,42,0,12.1,-18.4,1663.2,-772.8,24.0,0,0
2025-05-14,Milk 1L,66,58,46.2,30,6,1,6,0,12.1,-11.8,277.2,-70.8,25.57,0,0
2025-05-15,Milk 1L,66,58,52.8,20,43,2,29,0,12.1,-5.2,1531.2,-150.8,23.57,0,0
2025-05-16,Milk 1L,66,58,66.0,0,14,1,14,0,12.1,8.0,924.0,112.0,22.14,0,0
2025-05-17,Milk 1L,66,58,39.6,40,41,2,41,1,12.1,-18.4,1623.6,-754.4,23.71,0,0
2025-05-18,Milk 1L,66,58,62.7,5,39,2,29,1,12.1,4.7,1818.3,136.3,24.14,0,0
2025-05-19,Milk 1L,66,58,52.8,20,10,1,10,0,12.1,-5.2,528.0,-52.0,24.14,0,0
2025-05-20,Milk 1L,66,58,52.8,20,40,2,40,0,12.1,-5.2,2112.0,-208.0,24.43,0,0
2025-05-21,Milk 1L,66,58,39.6,40,47,2,35,0,12.1,-18.4,1386.0,-644.0,24.14,0,0
2025-05-22,Milk 1L,66,58,52.8,20,12,1,12,0,12.1,-5.2,633.6,-62.4,28.29,0,0
2025-05-23,Milk 1L,66,58,46.2,30,44,2,38,0,12.1,-11.8,1755.6,-448.4,25.86,0,0
2025-05-24,Milk 1L,66,58,46.2,30,6,1,6,1,12.1,-11.8,277.2,-70.8,29.29,0,0
2025-05-25,Milk 1L,66,58,39.6,40,43,2,43,1,12.1,-18.4,1702.8,-791.2,24.29,0,0
2025-05-26,Milk 1L,66,58,52.8,20,50,2,27,0,12.1,-5.2,1425.6,-140.4,26.29,0,0
2025-05-27,Milk 1L,66,58,52.8,20,23,1,21,0,12.1,-5.2,1108.8,-109.2,28.71,2,116
2025-05-28,Milk 1L,66,58,59.4,10,38,2,29,0,12.1,1.4,1722.6,40.6,26.0,0,0
2025-05-29,Milk 1L,66,58,59.4,10,9,1,9,0,12.1,1.4,534.6,12.6,25.14,0,0
2025-05-30,Milk 1L,66,58,66.0,0,38,2,17,0,12.1,8.0,1122.0,136.0,24.71,0,0
2025-05-31,Milk 1L,66,58,59.4,10,21,1,21,1,12.1,1.4,1247.4,29.4,21.71,0,0
2025-06-01,Milk 1L,66,58,52.8,20,44,2,39,1,12.1,-5.2,2059.2,-202.8,23.86,0,0
2025-06-02,Milk 1L,66,58,62.7,5,5,1,5,0,12.1,4.7,313.5,23.5,23.29,0,0
2025-06-03,Milk 1L,66,58,52.8,20,49,2,36,0,12.1,-5.2,1900.8,-187.2,20.14,0,0
2025-06-04,Milk 1L,66,58,59.4,10,13,1,13,0,12.1,1.4,772.2,18.2,22.29,0,0
2025-06-05,Milk 1L,66,58,52.8,20,41,2,29,0,12.1,-5.2,1531.2,-150.8,20.0,0,0
2025-06-06,Milk 1L,66,58,39.6,40,12,1,12,0,12.1,-18.4,475.2,-220.8,22.86,0,0
2025-06-07,Milk 1L,66,58,59.4,10,37,2,37,1,12.1,1.4,2197.8,51.8,22.14,0,0
2025-06-08,Milk 1L,66,58,59.4,10,52,2,35,1,12.1,1.4,2079.0,49.0,24.43,0,0
2025-06-09,Milk 1L,66,58,59.4,10,17,1,17,0,12.1,1.4,1009.8,23.8,23.86,0,0
2025-06-10,Milk 1L,66,58,52.8,20,42,2,31,0,12.1,-5.2,1636.8,-161.2,25.57,0,0
2025-06-11,Milk 1L,66,58,59.4,10,11,1,11,0,12.1,1.4,653.4,15.4,24.86,0,0
2025-06-12,Milk 1L,66,58,52.8,20,39,2,32,0,12.1,-5.2,1689.6,-166.4,24.57,0,0
2025-06-13,Milk 1L,66,58,59.4,10,7,1,7,0,12.1,1.4,415.8,9.8,25.0,0,0
2025-06-14,Milk 1L,66,58,46.2,30,42,2,42,1,12.1,-11.8,1940.4,-495.6,24.29,0,0
2025-06-15,Milk 1L,66,58,59.4,10,50,2,27,1,12.1,1.4,1603.8,37.8,25.0,0,0
2025-06-16,Milk 1L,66,58,52.8,20,23,1,23,0,12.1,-5.2,1214.4,-119.6,23.86,0,0
2025-06-17,Milk 1L,66,58,52.8,20,51,2,39,0,12.1,-5.2,2059.2,-202.8,24.71,0,0
2025-06-18,Milk 1L,66,58,39.6,40,12,1,12,0,12.1,-18.4,475.2,-220.8,25.86,0,0
2025-06-19,Milk 1L,66,58,52.8,20,44,2,30,0,12.1,-5.2,1584.0,-156.0,26.0,0,0
2025-06-20,Milk 1L,66,58,66.0,0,14,1,14,0,12.1,8.0,924.0,112.0,25.71,0,0
2025-06-21,Milk 1L,66,58,62.7,5,37,2,26,1,12.1,4.7,1630.2,122.2,26.71,0,0
2025-06-22,Milk 1L,66,58,66.0,0,11,1,11,1,12.1,8.0,726.0,88.0,24.43,0,0
2025-06-23,Milk 1L,66,58,59.4,10,42,2,26,0,12.1,1.4,1544.4,36.4,22.14,0,0
2025-06-24,Milk 1L,66,58,66.0,0,16,1,16,0,12.1,8.0,1056.0,128.0,22.57,0,0
2025-06-25,Milk 1L,66,58,59.4,10,45,2,35,0,12.1,1.4,2079.0,49.0,19.29,0,0
2025-06-26,Milk 1L,66,58,46.2,30,10,1,10,0,12.1,-11.8,462.0,-118.0,22.57,0,0
2025-06-27,Milk 1L,66,58,46.2,30,48,2,39,0,12.1,-11.8,1801.8,-460.2,19.71,0,0
2025-06-28,Milk 1L,66,58,66.0,0,9,1,9,1,12.1,8.0,594.0,72.0,23.29,0,0
2025-06-29,Milk 1L,66,58,46.2,30,37,2,37,1,12.1,-11.8,1709.4,-436.6,20.86,0,0
