sales.csv
date,product_name,mrp,cost_price,current_price,discount_pct,stock_qty,days_to_expiry,units_sold_today,is_weekend,margin_pct,profit_per_unit,revenue_today,profit_today,units_sold_7d_avg,waste_if_unsold,loss_if_expired
2025-01-01,Potatoes 1kg,30,20,30.0,0,643,20,29,0,33.3,10.0,870.0,290.0,29.0,0,0
2025-01-02,Potatoes 1kg,30,20,30.0,0,614,19,23,0,33.3,10.0,690.0,230.0,29.0,0,0
2025-01-03,Potatoes 1kg,30,20,30.0,0,591,18,40,0,33.3,10.0,1200.0,400.0,26.0,0,0
2025-01-04,Potatoes 1kg,30,20,30.0,0,551,17,46,1,33.3,10.0,1380.0,460.0,30.67,0,0
2025-01-05,Potatoes 1kg,30,20,30.0,0,505,16,39,1,33.3,10.0,1170.0,390.0,34.5,0,0
2025-01-06,Potatoes 1kg,30,20,30.0,0,466,15,30,0,33.3,10.0,900.0,300.0,35.4,0,0
2025-01-07,Potatoes 1kg,30,20,30.0,0,436,14,35,0,33.3,10.0,1050.0,350.0,34.5,0,0
2025-01-08,Potatoes 1kg,30,20,30.0,0,401,13,52,0,33.3,10.0,1560.0,520.0,34.57,0,0
2025-01-09,Potatoes 1kg,30,20,30.0,0,349,12,15,0,33.3,10.0,450.0,150.0,37.86,0,0
2025-01-10,Potatoes 1kg,30,20,30.0,0,334,11,35,0,33.3,10.0,1050.0,350.0,36.71,0,0
2025-01-11,Potatoes 1kg,30,20,30.0,0,299,10,43,1,33.3,10.0,1290.0,430.0,36.0,0,0
2025-01-12,Potatoes 1kg,30,20,30.0,0,256,9,38,1,33.3,10.0,1140.0,380.0,35.57,0,0
2025-01-13,Potatoes 1kg,30,20,30.0,0,218,8,42,0,33.3,10.0,1260.0,420.0,35.43,0,0
2025-01-14,Potatoes 1kg,30,20,30.0,0,176,7,32,0,33.3,10.0,960.0,320.0,37.14,0,0
2025-01-15,Potatoes 1kg,30,20,30.0,0,144,6,41,0,33.3,10.0,1230.0,410.0,36.71,0,0
2025-01-16,Potatoes 1kg,30,20,30.0,0,103,5,39,0,33.3,10.0,1170.0,390.0,35.14,0,0
2025-01-17,Potatoes 1kg,30,20,30.0,0,64,4,44,0,33.3,10.0,1320.0,440.0,38.57,0,0
2025-01-18,Potatoes 1kg,30,20,30.0,0,20,3,20,1,33.3,10.0,600.0,200.0,39.86,0,0
2025-01-19,Potatoes 1kg,30,20,30.0,0,868,20,34,1,33.3,10.0,1020.0,340.0,36.57,0,0
2025-01-20,Potatoes 1kg,30,20,30.0,0,834,19,36,0,33.3,10.0,1080.0,360.0,36.0,0,0
2025-01-21,Potatoes 1kg,30,20,30.0,0,798,18,34,0,33.3,10.0,1020.0,340.0,35.14,0,0
2025-01-22,Potatoes 1kg,30,20,30.0,0,764,17,33,0,33.3,10.0,990.0,330.0,35.43,0,0
2025-01-23,Potatoes 1kg,30,20,30.0,0,731,16,39,0,33.3,10.0,1170.0,390.0,34.29,0,0
2025-01-24,Potatoes 1kg,30,20,30.0,0,692,15,30,0,33.3,10.0,900.0,300.0,34.29,0,0
2025-01-25,Potatoes 1kg,30,20,30.0,0,662,14,32,1,33.3,10.0,960.0,320.0,32.29,0,0
2025-01-26,Potatoes 1kg,30,20,30.0,0,630,13,42,1,33.3,10.0,1260.0,420.0,34.0,0,0
2025-01-27,Potatoes 1kg,30,20,30.0,0,588,12,33,0,33.3,10.0,990.0,330.0,35.14,0,0
2025-01-28,Potatoes 1kg,30,20,30.0,0,555,11,33,0,33.3,10.0,990.0,330.0,34.71,0,0
2025-01-29,Potatoes 1kg,30,20,30.0,0,522,10,46,0,33.3,10.0,1380.0,460.0,34.57,0,0
2025-01-30,Potatoes 1kg,30,20,30.0,0,476,9,34,0,33.3,10.0,1020.0,340.0,36.43,0,0
2025-01-31,Potatoes 1kg,30,20,30.0,0,442,8,42,0,33.3,10.0,1260.0,420.0,35.71,0,0
2025-02-01,Potatoes 1kg,30,20,30.0,0,400,7,53,1,33.3,10.0,1590.0,530.0,37.43,0,0
2025-02-02,Potatoes 1kg,30,20,30.0,0,347,6,47,1,33.3,10.0,1410.0,470.0,40.43,0,0
2025-02-03,Potatoes 1kg,30,20,30.0,0,300,5,29,0,33.3,10.0,870.0,290.0,41.14,0,0
2025-02-04,Potatoes 1kg,30,20,30.0,0,271,4,31,0,33.3,10.0,930.0,310.0,40.57,0,0
2025-02-05,Potatoes 1kg,30,20,30.0,0,240,3,42,0,33.3,10.0,1260.0,420.0,40.29,0,0
2025-02-06,Potatoes 1kg,30,20,27.0,10,198,2,47,0,33.3,7.0,1269.0,329.0,39.71,0,0
2025-02-07,Potatoes 1kg,30,20,24.0,20,151,1,63,0,33.3,4.0,1512.0,252.0,41.57,88,1760
2025-02-08,Potatoes 1kg,30,20,30.0,0,872,20,47,1,33.3,10.0,1410.0,470.0,44.57,0,0
2025-02-09,Potatoes 1kg,30,20,30.0,0,825,19,42,1,33.3,10.0,1260.0,420.0,43.71,0,0
2025-02-10,Potatoes 1kg,30,20,30.0,0,783,18,34,0,33.3,10.0,1020.0,340.0,43.0,0,0
2025-02-11,Potatoes 1kg,30,20,30.0,0,749,17,36,0,33.3,10.0,1080.0,360.0,43.71,0,0
2025-02-12,Potatoes 1kg,30,20,30.0,0,713,16,30,0,33.3,10.0,900.0,300.0,44.43,0,0
2025-02-13,Potatoes 1kg,30,20,30.0,0,683,15,39,0,33.3,10.0,1170.0,390.0,42.71,0,0
2025-02-14,Potatoes 1kg,30,20,30.0,0,644,14,38,0,33.3,10.0,1140.0,380.0,41.57,0,0
2025-02-15,Potatoes 1kg,30,20,30.0,0,606,13,43,1,33.3,10.0,1290.0,430.0,38.0,0,0
2025-02-16,Potatoes 1kg,30,20,30.0,0,563,12,37,1,33.3,10.0,1110.0,370.0,37.43,0,0
2025-02-17,Potatoes 1kg,30,20,30.0,0,526,11,25,0,33.3,10.0,750.0,250.0,36.71,0,0
2025-02-18,Potatoes 1kg,30,20,30.0,0,501,10,42,0,33.3,10.0,1260.0,420.0,35.43,0,0
2025-02-19,Potatoes 1kg,30,20,30.0,0,459,9,32,0,33.3,10.0,960.0,320.0,36.29,0,0
2025-02-20,Potatoes 1kg,30,20,30.0,0,427,8,36,0,33.3,10.0,1080.0,360.0,36.57,0,0
2025-02-21,Potatoes 1kg,30,20,30.0,0,391,7,28,0,33.3,10.0,840.0,280.0,36.14,0,0
2025-02-22,Potatoes 1kg,30,20,30.0,0,363,6,36,1,33.3,10.0,1080.0,360.0,34.71,0,0
2025-02-23,Potatoes 1kg,30,20,30.0,0,327,5,42,1,33.3,10.0,1260.0,420.0,33.71,0,0
2025-02-24,Potatoes 1kg,30,20,30.0,0,285,4,36,0,33.3,10.0,1080.0,360.0,34.43,0,0
2025-02-25,Potatoes 1kg,30,20,30.0,0,249,3,39,0,33.3,10.0,1170.0,390.0,36.0,0,0
2025-02-26,Potatoes 1kg,30,20,30.0,0,210,2,38,0,33.3,10.0,1140.0,380.0,35.57,0,0
2025-02-27,Potatoes 1kg,30,20,28.5,5,172,1,54,0,33.3,8.5,1539.0,459.0,36.43,118,2360
2025-02-28,Potatoes 1kg,30,20,30.0,0,710,20,32,0,33.3,10.0,960.0,320.0,39.0,0,0
2025-03-01,Potatoes 1kg,30,20,30.0,0,678,19,36,1,33.3,10.0,1080.0,360.0,39.57,0,0
2025-03-02,Potatoes 1kg,30,20,30.0,0,642,18,42,1,33.3,10.0,1260.0,420.0,39.57,0,0
2025-03-03,Potatoes 1kg,30,20,30.0,0,600,17,28,0,33.3,10.0,840.0,280.0,39.57,0,0
2025-03-04,Potatoes 1kg,30,20,30.0,0,572,16,34,0,33.3,10.0,1020.0,340.0,38.43,0,0
2025-03-05,Potatoes 1kg,30,20,30.0,0,538,15,35,0,33.3,10.0,1050.0,350.0,37.71,0,0
2025-03-06,Potatoes 1kg,30,20,30.0,0,503,14,35,0,33.3,10.0,1050.0,350.0,37.29,0,0
2025-03-07,Potatoes 1kg,30,20,30.0,0,468,13,29,0,33.3,10.0,870.0,290.0,34.57,0,0
2025-03-08,Potatoes 1kg,30,20,30.0,0,439,12,39,1,33.3,10.0,1170.0,390.0,34.14,0,0
2025-03-09,Potatoes 1kg,30,20,30.0,0,400,11,39,1,33.3,10.0,1170.0,390.0,34.57,0,0
2025-03-10,Potatoes 1kg,30,20,30.0,0,361,10,54,0,33.3,10.0,1620.0,540.0,34.14,0,0
2025-03-11,Potatoes 1kg,30,20,30.0,0,307,9,35,0,33.3,10.0,1050.0,350.0,37.86,0,0
2025-03-12,Potatoes 1kg,30,20,30.0,0,272,8,36,0,33.3,10.0,1080.0,360.0,38.0,0,0
2025-03-13,Potatoes 1kg,30,20,30.0,0,236,7,32,0,33.3,10.0,960.0,320.0,38.14,0,0
2025-03-14,Potatoes 1kg,30,20,30.0,0,204,6,28,0,33.3,10.0,840.0,280.0,37.71,0,0
2025-03-15,Potatoes 1kg,30,20,30.0,0,176,5,49,1,33.3,10.0,1470.0,490.0,37.57,0,0
2025-03-16,Potatoes 1kg,30,20,30.0,0,127,4,32,1,33.3,10.0,960.0,320.0,39.0,0,0
2025-03-17,Potatoes 1kg,30,20,30.0,0,95,3,35,0,33.3,10.0,1050.0,350.0,38.0,0,0
2025-03-18,Potatoes 1kg,30,20,18.0,40,60,2,60,0,33.3,-2.0,1080.0,-120.0,35.29,0,0
2025-03-19,Potatoes 1kg,30,20,30.0,0,725,20,32,0,33.3,10.0,960.0,320.0,38.86,0,0
2025-03-20,Potatoes 1kg,30,20,30.0,0,693,19,32,0,33.3,10.0,960.0,320.0,38.29,0,0
2025-03-21,Potatoes 1kg,30,20,30.0,0,661,18,29,0,33.3,10.0,870.0,290.0,38.29,0,0
2025-03-22,Potatoes 1kg,30,20,30.0,0,632,17,41,1,33.3,10.0,1230.0,410.0,38.43,0,0
2025-03-23,Potatoes 1kg,30,20,30.0,0,591,16,33,1,33.3,10.0,990.0,330.0,37.29,0,0
2025-03-24,Potatoes 1kg,30,20,30.0,0,558,15,33,0,33.3,10.0,990.0,330.0,37.43,0,0
2025-03-25,Potatoes 1kg,30,20,30.0,0,525,14,37,0,33.3,10.0,1110.0,370.0,37.14,0,0
2025-03-26,Potatoes 1kg,30,20,30.0,0,488,13,28,0,33.3,10.0,840.0,280.0,33.86,0,0
2025-03-27,Potatoes 1kg,30,20,30.0,0,460,12,32,0,33.3,10.0,960.0,320.0,33.29,0,0
2025-03-28,Potatoes 1kg,30,20,30.0,0,428,11,37,0,33.3,10.0,1110.0,370.0,33.29,0,0
2025-03-29,Potatoes 1kg,30,20,30.0,0,391,10,35,1,33.3,10.0,1050.0,350.0,34.43,0,0
2025-03-30,Potatoes 1kg,30,20,30.0,0,356,9,31,1,33.3,10.0,930.0,310.0,33.57,0,0
2025-03-31,Potatoes 1kg,30,20,30.0,0,325,8,39,0,33.3,10.0,1170.0,390.0,33.29,0,0
2025-04-01,Potatoes 1kg,30,20,30.0,0,286,7,37,0,33.3,10.0,1110.0,370.0,34.14,0,0
2025-04-02,Potatoes 1kg,30,20,30.0,0,249,6,31,0,33.3,10.0,930.0,310.0,34.14,0,0
2025-04-03,Potatoes 1kg,30,20,30.0,0,218,5,38,0,33.3,10.0,1140.0,380.0,34.57,0,0
2025-04-04,Potatoes 1kg,30,20,30.0,0,180,4,41,0,33.3,10.0,1230.0,410.0,35.43,0,0
2025-04-05,Potatoes 1kg,30,20,30.0,0,139,3,55,1,33.3,10.0,1650.0,550.0,36.0,0,0
2025-04-06,Potatoes 1kg,30,20,24.0,20,84,2,74,1,33.3,4.0,1776.0,296.0,38.86,0,0
2025-04-07,Potatoes 1kg,30,20,30.0,0,10,1,10,0,33.3,10.0,300.0,100.0,45.0,0,0
2025-04-08,Potatoes 1kg,30,20,30.0,0,814,20,30,0,33.3,10.0,900.0,300.0,40.86,0,0
2025-04-09,Potatoes 1kg,30,20,30.0,0,784,19,37,0,33.3,10.0,1110.0,370.0,39.86,0,0
2025-04-10,Potatoes 1kg,30,20,30.0,0,747,18,38,0,33.3,10.0,1140.0,380.0,40.71,0,0
2025-04-11,Potatoes 1kg,30,20,30.0,0,709,17,44,0,33.3,10.0,1320.0,440.0,40.71,0,0
2025-04-12,Potatoes 1kg,30,20,30.0,0,665,16,51,1,33.3,10.0,1530.0,510.0,41.14,0,0
2025-04-13,Potatoes 1kg,30,20,30.0,0,614,15,47,1,33.3,10.0,1410.0,470.0,40.57,0,0
2025-04-14,Potatoes 1kg,30,20,30.0,0,567,14,34,0,33.3,10.0,1020.0,340.0,36.71,0,0
2025-04-15,Potatoes 1kg,30,20,30.0,0,533,13,28,0,33.3,10.0,840.0,280.0,40.14,0,0
2025-04-16,Potatoes 1kg,30,20,30.0,0,505,12,35,0,33.3,10.0,1050.0,350.0,39.86,0,0
2025-04-17,Potatoes 1kg,30,20,30.0,0,470,11,32,0,33.3,10.0,960.0,320.0,39.57,0,0
2025-04-18,Potatoes 1kg,30,20,30.0,0,438,10,30,0,33.3,10.0,900.0,300.0,38.71,0,0
2025-04-19,Potatoes 1kg,30,20,30.0,0,408,9,43,1,33.3,10.0,1290.0,430.0,36.71,0,0
2025-04-20,Potatoes 1kg,30,20,30.0,0,365,8,44,1,33.3,10.0,1320.0,440.0,35.57,0,0
2025-04-21,Potatoes 1kg,30,20,30.0,0,321,7,33,0,33.3,10.0,990.0,330.0,35.14,0,0
2025-04-22,Potatoes 1kg,30,20,30.0,0,288,6,36,0,33.3,10.0,1080.0,360.0,35.0,0,0
2025-04-23,Potatoes 1kg,30,20,30.0,0,252,5,38,0,33.3,10.0,1140.0,380.0,36.14,0,0
2025-04-24,Potatoes 1kg,30,20,30.0,0,214,4,28,0,33.3,10.0,840.0,280.0,36.57,0,0
2025-04-25,Potatoes 1kg,30,20,30.0,0,186,3,40,0,33.3,10.0,1200.0,400.0,36.0,0,0
2025-04-26,Potatoes 1kg,30,20,28.5,5,146,2,57,1,33.3,8.5,1624.5,484.5,37.43,0,0
2025-04-27,Potatoes 1kg,30,20,24.0,20,89,1,63,1,33.3,4.0,1512.0,252.0,39.43,26,520
2025-04-28,Potatoes 1kg,30,20,30.0,0,903,20,39,0,33.3,10.0,1170.0,390.0,42.14,0,0
2025-04-29,Potatoes 1kg,30,20,30.0,0,864,19,29,0,33.3,10.0,870.0,290.0,43.0,0,0
2025-04-30,Potatoes 1kg,30,20,30.0,0,835,18,32,0,33.3,10.0,960.0,320.0,42.0,0,0
2025-05-01,Potatoes 1kg,30,20,30.0,0,803,17,31,0,33.3,10.0,930.0,310.0,41.14,0,0
2025-05-02,Potatoes 1kg,30,20,30.0,0,772,16,44,0,33.3,10.0,1320.0,440.0,41.57,0,0
2025-05-03,Potatoes 1kg,30,20,30.0,0,728,15,41,1,33.3,10.0,1230.0,410.0,42.14,0,0
2025-05-04,Potatoes 1kg,30,20,30.0,0,687,14,41,1,33.3,10.0,1230.0,410.0,39.86,0,0
2025-05-05,Potatoes 1kg,30,20,30.0,0,646,13,30,0,33.3,10.0,900.0,300.0,36.71,0,0
2025-05-06,Potatoes 1kg,30,20,30.0,0,616,12,28,0,33.3,10.0,840.0,280.0,35.43,0,0
2025-05-07,Potatoes 1kg,30,20,30.0,0,588,11,27,0,33.3,10.0,810.0,270.0,35.29,0,0
2025-05-08,Potatoes 1kg,30,20,30.0,0,561,10,31,0,33.3,10.0,930.0,310.0,34.57,0,0
2025-05-09,Potatoes 1kg,30,20,30.0,0,530,9,50,0,33.3,10.0,1500.0,500.0,34.57,0,0
2025-05-10,Potatoes 1kg,30,20,30.0,0,480,8,40,1,33.3,10.0,1200.0,400.0,35.43,0,0
2025-05-11,Potatoes 1kg,30,20,30.0,0,440,7,31,1,33.3,10.0,930.0,310.0,35.29,0,0
2025-05-12,Potatoes 1kg,30,20,30.0,0,409,6,40,0,33.3,10.0,1200.0,400.0,33.86,0,0
2025-05-13,Potatoes 1kg,30,20,30.0,0,369,5,28,0,33.3,10.0,840.0,280.0,35.29,0,0
2025-05-14,Potatoes 1kg,30,20,30.0,0,341,4,38,0,33.3,10.0,1140.0,380.0,35.29,0,0
2025-05-15,Potatoes 1kg,30,20,30.0,0,303,3,21,0,33.3,10.0,630.0,210.0,36.86,0,0
2025-05-16,Potatoes 1kg,30,20,21.0,30,282,2,70,0,33.3,1.0,1470.0,70.0,35.43,0,0
2025-05-17,Potatoes 1kg,30,20,24.0,20,212,1,92,1,33.3,4.0,2208.0,368.0,38.29,120,2400
2025-05-18,Potatoes 1kg,30,20,30.0,0,646,20,39,1,33.3,10.0,1170.0,390.0,45.71,0,0
2025-05-19,Potatoes 1kg,30,20,30.0,0,607,19,33,0,33.3,10.0,990.0,330.0,46.86,0,0
2025-05-20,Potatoes 1kg,30,20,30.0,0,574,18,19,0,33.3,10.0,570.0,190.0,45.86,0,0
2025-05-21,Potatoes 1kg,30,20,30.0,0,555,17,32,0,33.3,10.0,960.0,320.0,44.57,0,0
2025-05-22,Potatoes 1kg,30,20,30.0,0,523,16,35,0,33.3,10.0,1050.0,350.0,43.71,0,0
2025-05-23,Potatoes 1kg,30,20,30.0,0,488,15,33,0,33.3,10.0,990.0,330.0,45.71,0,0
2025-05-24,Potatoes 1kg,30,20,30.0,0,455,14,34,1,33.3,10.0,1020.0,340.0,40.43,0,0
2025-05-25,Potatoes 1kg,30,20,30.0,0,421,13,38,1,33.3,10.0,1140.0,380.0,32.14,0,0
2025-05-26,Potatoes 1kg,30,20,30.0,0,383,12,42,0,33.3,10.0,1260.0,420.0,32.0,0,0
2025-05-27,Potatoes 1kg,30,20,30.0,0,341,11,42,0,33.3,10.0,1260.0,420.0,33.29,0,0
2025-05-28,Potatoes 1kg,30,20,30.0,0,299,10,35,0,33.3,10.0,1050.0,350.0,36.57,0,0
2025-05-29,Potatoes 1kg,30,20,30.0,0,264,9,43,0,33.3,10.0,1290.0,430.0,37.0,0,0
2025-05-30,Potatoes 1kg,30,20,30.0,0,221,8,31,0,33.3,10.0,930.0,310.0,38.14,0,0
2025-05-31,Potatoes 1kg,30,20,30.0,0,190,7,31,1,33.3,10.0,930.0,310.0,37.86,0,0
2025-06-01,Potatoes 1kg,30,20,30.0,0,159,6,36,1,33.3,10.0,1080.0,360.0,37.43,0,0
2025-06-02,Potatoes 1kg,30,20,30.0,0,123,5,41,0,33.3,10.0,1230.0,410.0,37.14,0,0
2025-06-03,Potatoes 1kg,30,20,30.0,0,82,4,28,0,33.3,10.0,840.0,280.0,37.0,0,0
2025-06-04,Potatoes 1kg,30,20,30.0,0,54,3,21,0,33.3,10.0,630.0,210.0,35.0,0,0
2025-06-05,Potatoes 1kg,30,20,24.0,20,33,2,33,0,33.3,4.0,792.0,132.0,33.0,0,0
2025-06-06,Potatoes 1kg,30,20,30.0,0,691,20,50,0,33.3,10.0,1500.0,500.0,31.57,0,0
2025-06-07,Potatoes 1kg,30,20,30.0,0,641,19,38,1,33.3,10.0,1140.0,380.0,34.29,0,0
2025-06-08,Potatoes 1kg,30,20,30.0,0,603,18,30,1,33.3,10.0,900.0,300.0,35.29,0,0
2025-06-09,Potatoes 1kg,30,20,30.0,0,573,17,35,0,33.3,10.0,1050.0,350.0,34.43,0,0
2025-06-10,Potatoes 1kg,30,20,30.0,0,538,16,36,0,33.3,10.0,1080.0,360.0,33.57,0,0
2025-06-11,Potatoes 1kg,30,20,30.0,0,502,15,34,0,33.3,10.0,1020.0,340.0,34.71,0,0
2025-06-12,Potatoes 1kg,30,20,30.0,0,468,14,39,0,33.3,10.0,1170.0,390.0,36.57,0,0
2025-06-13,Potatoes 1kg,30,20,30.0,0,429,13,37,0,33.3,10.0,1110.0,370.0,37.43,0,0
2025-06-14,Potatoes 1kg,30,20,30.0,0,392,12,37,1,33.3,10.0,1110.0,370.0,35.57,0,0
2025-06-15,Potatoes 1kg,30,20,30.0,0,355,11,44,1,33.3,10.0,1320.0,440.0,35.43,0,0
2025-06-16,Potatoes 1kg,30,20,30.0,0,311,10,37,0,33.3,10.0,1110.0,370.0,37.43,0,0
2025-06-17,Potatoes 1kg,30,20,30.0,0,274,9,22,0,33.3,10.0,660.0,220.0,37.71,0,0
2025-06-18,Potatoes 1kg,30,20,30.0,0,252,8,41,0,33.3,10.0,1230.0,410.0,35.71,0,0
2025-06-19,Potatoes 1kg,30,20,30.0,0,211,7,38,0,33.3,10.0,1140.0,380.0,36.71,0,0
2025-06-20,Potatoes 1kg,30,20,30.0,0,173,6,41,0,33.3,10.0,1230.0,410.0,36.57,0,0
2025-06-21,Potatoes 1kg,30,20,30.0,0,132,5,47,1,33.3,10.0,1410.0,470.0,37.14,0,0
2025-06-22,Potatoes 1kg,30,20,30.0,0,85,4,28,1,33.3,10.0,840.0,280.0,38.57,0,0
2025-06-23,Potatoes 1kg,30,20,30.0,0,57,3,34,0,33.3,10.0,1020.0,340.0,36.29,0,0
2025-06-24,Potatoes 1kg,30,20,27.0,10,23,2,23,0,33.3,7.0,621.0,161.0,35.86,0,0
2025-06-25,Potatoes 1kg,30,20,30.0,0,700,20,41,0,33.3,10.0,1230.0,410.0,36.0,0,0
2025-06-26,Potatoes 1kg,30,20,30.0,0,659,19,32,0,33.3,10.0,960.0,320.0,36.0,0,0
2025-06-27,Potatoes 1kg,30,20,30.0,0,627,18,33,0,33.3,10.0,990.0,330.0,35.14,0,0
2025-06-28,Potatoes 1kg,30,20,30.0,0,594,17,37,1,33.3,10.0,1110.0,370.0,34.0,0,0
2025-06-29,Potatoes 1kg,30,20,30.0,0,557,16,37,1,33.3,10.0,1110.0,370.0,32.57,0,0
