sales.csv
date,product_name,mrp,cost_price,current_price,discount_pct,stock_qty,days_to_expiry,units_sold_today,is_weekend,margin_pct,profit_per_unit,revenue_today,profit_today,units_sold_7d_avg,waste_if_unsold,loss_if_expired
2025-01-01,White Bread,45,32,45.0,0,47,3,15,0,28.9,13.0,675.0,195.0,15.0,0,0
2025-01-02,White Bread,45,32,45.0,0,32,2,22,0,28.9,13.0,990.0,286.0,15.0,0,0
2025-01-03,White Bread,45,32,27.0,40,10,1,10,0,28.9,-5.0,270.0,-50.0,18.5,0,0
2025-01-04,White Bread,45,32,45.0,0,48,3,20,1,28.9,13.0,900.0,260.0,15.67,0,0
2025-01-05,White Bread,45,32,36.0,20,28,2,23,1,28.9,4.0,828.0,92.0,16.75,0,0
2025-01-06,White Bread,45,32,42.75,5,5,1,5,0,28.9,10.75,213.75,53.75,18.0,0,0
2025-01-07,White Bread,45,32,45.0,0,43,3,12,0,28.9,13.0,540.0,156.0,15.83,0,0
2025-01-08,White Bread,45,32,40.5,10,31,2,26,0,28.9,8.5,1053.0,221.0,15.29,0,0
2025-01-09,White Bread,45,32,27.0,40,5,1,5,0,28.9,-5.0,135.0,-25.0,16.86,0,0
2025-01-10,White Bread,45,32,45.0,0,52,3,12,0,28.9,13.0,540.0,156.0,14.43,0,0
2025-01-11,White Bread,45,32,36.0,20,40,2,25,1,28.9,4.0,900.0,100.0,14.71,0,0
2025-01-12,White Bread,45,32,36.0,20,15,1,15,1,28.9,4.0,540.0,60.0,15.43,0,0
2025-01-13,White Bread,45,32,45.0,0,50,3,8,0,28.9,13.0,360.0,104.0,14.29,0,0
2025-01-14,White Bread,45,32,45.0,0,42,2,22,0,28.9,13.0,990.0,286.0,14.71,0,0
2025-01-15,White Bread,45,32,36.0,20,20,1,20,0,28.9,4.0,720.0,80.0,16.14,0,0
2025-01-16,White Bread,45,32,45.0,0,49,3,2,0,28.9,13.0,90.0,26.0,15.29,0,0
2025-01-17,White Bread,45,32,40.5,10,47,2,22,0,28.9,8.5,891.0,187.0,14.86,0,0
2025-01-18,White Bread,45,32,27.0,40,25,1,25,1,28.9,-5.0,675.0,-125.0,16.29,0,0
2025-01-19,White Bread,45,32,45.0,0,48,3,20,1,28.9,13.0,900.0,260.0,16.29,0,0
2025-01-20,White Bread,45,32,36.0,20,28,2,22,0,28.9,4.0,792.0,88.0,17.0,0,0
2025-01-21,White Bread,45,32,31.5,30,6,1,6,0,28.9,-0.5,189.0,-3.0,19.0,0,0
2025-01-22,White Bread,45,32,45.0,0,45,3,11,0,28.9,13.0,495.0,143.0,16.71,0,0
2025-01-23,White Bread,45,32,42.75,5,34,2,21,0,28.9,10.75,897.75,225.75,15.43,0,0
2025-01-24,White Bread,45,32,40.5,10,13,1,13,0,28.9,8.5,526.5,110.5,18.14,0,0
2025-01-25,White Bread,45,32,45.0,0,55,3,19,1,28.9,13.0,855.0,247.0,16.86,0,0
2025-01-26,White Bread,45,32,36.0,20,36,2,31,1,28.9,4.0,1116.0,124.0,16.0,0,0
2025-01-27,White Bread,45,32,42.75,5,5,1,5,0,28.9,10.75,213.75,53.75,17.57,0,0
2025-01-28,White Bread,45,32,45.0,0,51,3,14,0,28.9,13.0,630.0,182.0,15.14,0,0
2025-01-29,White Bread,45,32,40.5,10,37,2,25,0,28.9,8.5,1012.5,212.5,16.29,0,0
2025-01-30,White Bread,45,32,27.0,40,12,1,12,0,28.9,-5.0,324.0,-60.0,18.29,0,0
2025-01-31,White Bread,45,32,45.0,0,58,3,20,0,28.9,13.0,900.0,260.0,17.0,0,0
2025-02-01,White Bread,45,32,31.5,30,38,2,37,1,28.9,-0.5,1165.5,-18.5,18.0,0,0
2025-02-02,White Bread,45,32,31.5,30,1,1,1,1,28.9,-0.5,31.5,-0.5,20.57,0,0
2025-02-03,White Bread,45,32,45.0,0,51,3,13,0,28.9,13.0,585.0,169.0,16.29,0,0
2025-02-04,White Bread,45,32,27.0,40,38,2,32,0,28.9,-5.0,864.0,-160.0,17.43,0,0
2025-02-05,White Bread,45,32,36.0,20,6,1,6,0,28.9,4.0,216.0,24.0,20.0,0,0
2025-02-06,White Bread,45,32,45.0,0,58,3,16,0,28.9,13.0,720.0,208.0,17.29,0,0
2025-02-07,White Bread,45,32,36.0,20,42,2,25,0,28.9,4.0,900.0,100.0,17.86,0,0
2025-02-08,White Bread,45,32,40.5,10,17,1,17,1,28.9,8.5,688.5,144.5,18.57,0,0
2025-02-09,White Bread,45,32,45.0,0,56,3,15,1,28.9,13.0,675.0,195.0,15.71,0,0
2025-02-10,White Bread,45,32,36.0,20,41,2,24,0,28.9,4.0,864.0,96.0,17.71,0,0
2025-02-11,White Bread,45,32,42.75,5,17,1,17,0,28.9,10.75,726.75,182.75,19.29,0,0
2025-02-12,White Bread,45,32,45.0,0,52,3,10,0,28.9,13.0,450.0,130.0,17.14,0,0
2025-02-13,White Bread,45,32,31.5,30,42,2,24,0,28.9,-0.5,756.0,-12.0,17.71,0,0
2025-02-14,White Bread,45,32,36.0,20,18,1,18,0,28.9,4.0,648.0,72.0,18.86,0,0
2025-02-15,White Bread,45,32,45.0,0,43,3,23,1,28.9,13.0,1035.0,299.0,17.86,0,0
2025-02-16,White Bread,45,32,36.0,20,20,2,20,1,28.9,4.0,720.0,80.0,18.71,0,0
2025-02-17,White Bread,45,32,45.0,0,53,3,15,0,28.9,13.0,675.0,195.0,19.43,0,0
2025-02-18,White Bread,45,32,36.0,20,38,2,28,0,28.9,4.0,1008.0,112.0,18.14,0,0
2025-02-19,White Bread,45,32,31.5,30,10,1,10,0,28.9,-0.5,315.0,-5.0,19.71,0,0
2025-02-20,White Bread,45,32,45.0,0,51,3,14,0,28.9,13.0,630.0,182.0,19.71,0,0
2025-02-21,White Bread,45,32,36.0,20,37,2,29,0,28.9,4.0,1044.0,116.0,18.29,0,0
2025-02-22,White Bread,45,32,31.5,30,8,1,8,1,28.9,-0.5,252.0,-4.0,19.86,0,0
2025-02-23,White Bread,45,32,45.0,0,51,3,9,1,28.9,13.0,405.0,117.0,17.71,0,0
2025-02-24,White Bread,45,32,40.5,10,42,2,24,0,28.9,8.5,972.0,204.0,16.14,0,0
2025-02-25,White Bread,45,32,36.0,20,18,1,18,0,28.9,4.0,648.0,72.0,17.43,0,0
2025-02-26,White Bread,45,32,45.0,0,52,3,11,0,28.9,13.0,495.0,143.0,16.0,0,0
2025-02-27,White Bread,45,32,31.5,30,41,2,32,0,28.9,-0.5,1008.0,-16.0,16.14,0,0
2025-02-28,White Bread,45,32,40.5,10,9,1,9,0,28.9,8.5,364.5,76.5,18.71,0,0
2025-03-01,White Bread,45,32,45.0,0,52,3,21,1,28.9,13.0,945.0,273.0,15.86,0,0
2025-03-02,White Bread,45,32,45.0,0,31,2,15,1,28.9,13.0,675.0,195.0,17.71,0,0
2025-03-03,White Bread,45,32,42.75,5,16,1,16,0,28.9,10.75,684.0,172.0,18.57,0,0
2025-03-04,White Bread,45,32,45.0,0,43,3,16,0,28.9,13.0,720.0,208.0,17.43,0,0
2025-03-05,White Bread,45,32,36.0,20,27,2,26,0,28.9,4.0,936.0,104.0,17.14,0,0
2025-03-06,White Bread,45,32,31.5,30,1,1,1,0,28.9,-0.5,31.5,-0.5,19.29,0,0
2025-03-07,White Bread,45,32,45.0,0,45,3,17,0,28.9,13.0,765.0,221.0,14.86,0,0
2025-03-08,White Bread,45,32,40.5,10,28,2,22,1,28.9,8.5,891.0,187.0,16.0,0,0
2025-03-09,White Bread,45,32,40.5,10,6,1,6,1,28.9,8.5,243.0,51.0,16.14,0,0
2025-03-10,White Bread,45,32,45.0,0,46,3,18,0,28.9,13.0,810.0,234.0,14.86,0,0
2025-03-11,White Bread,45,32,36.0,20,28,2,25,0,28.9,4.0,900.0,100.0,15.14,0,0
2025-03-12,White Bread,45,32,36.0,20,3,1,3,0,28.9,4.0,108.0,12.0,16.43,0,0
2025-03-13,White Bread,45,32,45.0,0,53,3,12,0,28.9,13.0,540.0,156.0,13.14,0,0
2025-03-14,White Bread,45,32,36.0,20,41,2,35,0,28.9,4.0,1260.0,140.0,14.71,0,0
2025-03-15,White Bread,45,32,31.5,30,6,1,6,1,28.9,-0.5,189.0,-3.0,17.29,0,0
2025-03-16,White Bread,45,32,45.0,0,50,3,24,1,28.9,13.0,1080.0,312.0,15.0,0,0
2025-03-17,White Bread,45,32,36.0,20,26,2,26,0,28.9,4.0,936.0,104.0,17.57,0,0
2025-03-18,White Bread,45,32,45.0,0,56,3,13,0,28.9,13.0,585.0,169.0,18.71,0,0
2025-03-19,White Bread,45,32,36.0,20,43,2,26,0,28.9,4.0,936.0,104.0,17.0,0,0
2025-03-20,White Bread,45,32,45.0,0,17,1,11,0,28.9,13.0,495.0,143.0,20.29,6,192
2025-03-21,White Bread,45,32,45.0,0,57,3,16,0,28.9,13.0,720.0,208.0,20.14,0,0
2025-03-22,White Bread,45,32,36.0,20,41,2,40,1,28.9,4.0,1440.0,160.0,17.43,0,0
2025-03-23,White Bread,45,32,40.5,10,1,1,1,1,28.9,8.5,40.5,8.5,22.29,0,0
2025-03-24,White Bread,45,32,45.0,0,55,3,8,0,28.9,13.0,360.0,104.0,19.0,0,0
2025-03-25,White Bread,45,32,31.5,30,47,2,30,0,28.9,-0.5,945.0,-15.0,16.43,0,0
2025-03-26,White Bread,45,32,27.0,40,17,1,17,0,28.9,-5.0,459.0,-85.0,18.86,0,0
2025-03-27,White Bread,45,32,45.0,0,52,3,18,0,28.9,13.0,810.0,234.0,17.57,0,0
2025-03-28,White Bread,45,32,27.0,40,34,2,34,0,28.9,-5.0,918.0,-170.0,18.57,0,0
2025-03-29,White Bread,45,32,45.0,0,44,3,11,1,28.9,13.0,495.0,143.0,21.14,0,0
2025-03-30,White Bread,45,32,31.5,30,33,2,24,1,28.9,-0.5,756.0,-12.0,17.0,0,0
2025-03-31,White Bread,45,32,31.5,30,9,1,9,0,28.9,-0.5,283.5,-4.5,20.29,0,0
2025-04-01,White Bread,45,32,45.0,0,57,3,12,0,28.9,13.0,540.0,156.0,20.43,0,0
2025-04-02,White Bread,45,32,31.5,30,45,2,32,0,28.9,-0.5,1008.0,-16.0,17.86,0,0
2025-04-03,White Bread,45,32,27.0,40,13,1,13,0,28.9,-5.0,351.0,-65.0,20.0,0,0
2025-04-04,White Bread,45,32,45.0,0,52,3,18,0,28.9,13.0,810.0,234.0,19.29,0,0
2025-04-05,White Bread,45,32,42.75,5,34,2,34,1,28.9,10.75,1453.5,365.5,17.0,0,0
2025-04-06,White Bread,45,32,45.0,0,47,3,10,1,28.9,13.0,450.0,130.0,20.29,0,0
2025-04-07,White Bread,45,32,42.75,5,37,2,18,0,28.9,10.75,769.5,193.5,18.29,0,0
2025-04-08,White Bread,45,32,45.0,0,19,1,14,0,28.9,13.0,630.0,182.0,19.57,5,160
2025-04-09,White Bread,45,32,45.0,0,47,3,16,0,28.9,13.0,720.0,208.0,19.86,0,0
2025-04-10,White Bread,45,32,36.0,20,31,2,23,0,28.9,4.0,828.0,92.0,17.57,0,0
2025-04-11,White Bread,45,32,42.75,5,8,1,8,0,28.9,10.75,342.0,86.0,19.0,0,0
2025-04-12,White Bread,45,32,45.0,0,42,3,17,1,28.9,13.0,765.0,221.0,17.57,0,0
2025-04-13,White Bread,45,32,42.75,5,25,2,22,1,28.9,10.75,940.5,236.5,15.14,0,0
2025-04-14,White Bread,45,32,36.0,20,3,1,3,0,28.9,4.0,108.0,12.0,16.86,0,0
2025-04-15,White Bread,45,32,45.0,0,54,3,16,0,28.9,13.0,720.0,208.0,14.71,0,0
2025-04-16,White Bread,45,32,27.0,40,38,2,35,0,28.9,-5.0,945.0,-175.0,15.0,0,0
2025-04-17,White Bread,45,32,40.5,10,3,1,3,0,28.9,8.5,121.5,25.5,17.71,0,0
2025-04-18,White Bread,45,32,45.0,0,51,3,16,0,28.9,13.0,720.0,208.0,14.86,0,0
2025-04-19,White Bread,45,32,36.0,20,35,2,35,1,28.9,4.0,1260.0,140.0,16.0,0,0
2025-04-20,White Bread,45,32,45.0,0,54,3,17,1,28.9,13.0,765.0,221.0,18.57,0,0
2025-04-21,White Bread,45,32,36.0,20,37,2,29,0,28.9,4.0,1044.0,116.0,17.86,0,0
2025-04-22,White Bread,45,32,31.5,30,8,1,8,0,28.9,-0.5,252.0,-4.0,21.57,0,0
2025-04-23,White Bread,45,32,45.0,0,47,3,14,0,28.9,13.0,630.0,182.0,20.43,0,0
2025-04-24,White Bread,45,32,31.5,30,33,2,33,0,28.9,-0.5,1039.5,-16.5,17.43,0,0
2025-04-25,White Bread,45,32,45.0,0,47,3,11,0,28.9,13.0,495.0,143.0,21.71,0,0
2025-04-26,White Bread,45,32,42.75,5,36,2,23,1,28.9,10.75,983.25,247.25,21.0,0,0
2025-04-27,White Bread,45,32,36.0,20,13,1,13,1,28.9,4.0,468.0,52.0,19.29,0,0
2025-04-28,White Bread,45,32,45.0,0,52,3,15,0,28.9,13.0,675.0,195.0,18.71,0,0
2025-04-29,White Bread,45,32,31.5,30,37,2,29,0,28.9,-0.5,913.5,-14.5,16.71,0,0
2025-04-30,White Bread,45,32,42.75,5,8,1,8,0,28.9,10.75,342.0,86.0,19.71,0,0
2025-05-01,White Bread,45,32,45.0,0,45,3,16,0,28.9,13.0,720.0,208.0,18.86,0,0
2025-05-02,White Bread,45,32,31.5,30,29,2,29,0,28.9,-0.5,913.5,-14.5,16.43,0,0
2025-05-03,White Bread,45,32,45.0,0,42,3,23,1,28.9,13.0,1035.0,299.0,19.0,0,0
2025-05-04,White Bread,45,32,40.5,10,19,2,19,1,28.9,8.5,769.5,161.5,19.0,0,0
2025-05-05,White Bread,45,32,45.0,0,50,3,11,0,28.9,13.0,495.0,143.0,19.86,0,0
2025-05-06,White Bread,45,32,45.0,0,39,2,16,0,28.9,13.0,720.0,208.0,19.29,0,0
2025-05-07,White Bread,45,32,36.0,20,23,1,23,0,28.9,4.0,828.0,92.0,17.43,0,0
2025-05-08,White Bread,45,32,45.0,0,53,3,10,0,28.9,13.0,450.0,130.0,19.57,0,0
2025-05-09,White Bread,45,32,36.0,20,43,2,25,0,28.9,4.0,900.0,100.0,18.71,0,0
2025-05-10,White Bread,45,32,42.75,5,18,1,18,1,28.9,10.75,769.5,193.5,18.14,0,0
2025-05-11,White Bread,45,32,45.0,0,51,3,13,1,28.9,13.0,585.0,169.0,17.43,0,0
2025-05-12,White Bread,45,32,40.5,10,38,2,19,0,28.9,8.5,769.5,161.5,16.57,0,0
2025-05-13,White Bread,45,32,31.5,30,19,1,19,0,28.9,-0.5,598.5,-9.5,17.71,0,0
2025-05-14,White Bread,45,32,45.0,0,41,3,12,0,28.9,13.0,540.0,156.0,18.14,0,0
2025-05-15,White Bread,45,32,31.5,30,29,2,29,0,28.9,-0.5,913.5,-14.5,16.57,0,0
2025-05-16,White Bread,45,32,45.0,0,56,3,16,0,28.9,13.0,720.0,208.0,19.29,0,0
2025-05-17,White Bread,45,32,31.5,30,40,2,40,1,28.9,-0.5,1260.0,-20.0,18.0,0,0
2025-05-18,White Bread,45,32,45.0,0,56,3,19,1,28.9,13.0,855.0,247.0,21.14,0,0
2025-05-19,White Bread,45,32,40.5,10,37,2,14,0,28.9,8.5,567.0,119.0,22.0,0,0
2025-05-20,White Bread,45,32,40.5,10,23,1,18,0,28.9,8.5,729.0,153.0,21.29,5,160
2025-05-21,White Bread,45,32,45.0,0,55,3,12,0,28.9,13.0,540.0,156.0,21.14,0,0
2025-05-22,White Bread,45,32,45.0,0,43,2,18,0,28.9,13.0,810.0,234.0,21.14,0,0
2025-05-23,White Bread,45,32,36.0,20,25,1,23,0,28.9,4.0,828.0,92.0,19.57,2,64
2025-05-24,White Bread,45,32,45.0,0,55,3,24,1,28.9,13.0,1080.0,312.0,20.57,0,0
2025-05-25,White Bread,45,32,27.0,40,31,2,31,1,28.9,-5.0,837.0,-155.0,18.29,0,0
2025-05-26,White Bread,45,32,45.0,0,45,3,11,0,28.9,13.0,495.0,143.0,20.0,0,0
2025-05-27,White Bread,45,32,42.75,5,34,2,17,0,28.9,10.75,726.75,182.75,19.57,0,0
2025-05-28,White Bread,45,32,31.5,30,17,1,17,0,28.9,-0.5,535.5,-8.5,19.43,0,0
2025-05-29,White Bread,45,32,45.0,0,43,3,19,0,28.9,13.0,855.0,247.0,20.14,0,0
2025-05-30,White Bread,45,32,40.5,10,24,2,14,0,28.9,8.5,567.0,119.0,20.29,0,0
2025-05-31,White Bread,45,32,40.5,10,10,1,10,1,28.9,8.5,405.0,85.0,19.0,0,0
2025-06-01,White Bread,45,32,45.0,0,49,3,17,1,28.9,13.0,765.0,221.0,17.0,0,0
2025-06-02,White Bread,45,32,40.5,10,32,2,23,0,28.9,8.5,931.5,195.5,15.0,0,0
2025-06-03,White Bread,45,32,45.0,0,9,1,9,0,28.9,13.0,405.0,117.0,16.71,0,0
2025-06-04,White Bread,45,32,45.0,0,41,3,10,0,28.9,13.0,450.0,130.0,15.57,0,0
2025-06-05,White Bread,45,32,40.5,10,31,2,25,0,28.9,8.5,1012.5,212.5,14.57,0,0
2025-06-06,White Bread,45,32,31.5,30,6,1,6,0,28.9,-0.5,189.0,-3.0,15.43,0,0
2025-06-07,White Bread,45,32,45.0,0,55,3,16,1,28.9,13.0,720.0,208.0,14.29,0,0
2025-06-08,White Bread,45,32,36.0,20,39,2,26,1,28.9,4.0,936.0,104.0,15.14,0,0
2025-06-09,White Bread,45,32,40.5,10,13,1,13,0,28.9,8.5,526.5,110.5,16.43,0,0
2025-06-10,White Bread,45,32,45.0,0,50,3,15,0,28.9,13.0,675.0,195.0,15.0,0,0
2025-06-11,White Bread,45,32,40.5,10,35,2,25,0,28.9,8.5,1012.5,212.5,15.86,0,0
2025-06-12,White Bread,45,32,45.0,0,10,1,10,0,28.9,13.0,450.0,130.0,18.0,0,0
2025-06-13,White Bread,45,32,45.0,0,53,3,17,0,28.9,13.0,765.0,221.0,15.86,0,0
2025-06-14,White Bread,45,32,36.0,20,36,2,36,1,28.9,4.0,1296.0,144.0,17.43,0,0
2025-06-15,White Bread,45,32,45.0,0,43,3,18,1,28.9,13.0,810.0,234.0,20.29,0,0
2025-06-16,White Bread,45,32,45.0,0,25,2,14,0,28.9,13.0,630.0,182.0,19.14,0,0
2025-06-17,White Bread,45,32,31.5,30,11,1,11,0,28.9,-0.5,346.5,-5.5,19.29,0,0
2025-06-18,White Bread,45,32,45.0,0,41,3,16,0,28.9,13.0,720.0,208.0,18.71,0,0
2025-06-19,White Bread,45,32,45.0,0,25,2,10,0,28.9,13.0,450.0,130.0,17.43,0,0
2025-06-20,White Bread,45,32,27.0,40,15,1,15,0,28.9,-5.0,405.0,-75.0,17.43,0,0
2025-06-21,White Bread,45,32,45.0,0,49,3,12,1,28.9,13.0,540.0,156.0,17.14,0,0
2025-06-22,White Bread,45,32,27.0,40,37,2,33,1,28.9,-5.0,891.0,-165.0,13.71,0,0
2025-06-23,White Bread,45,32,40.5,10,4,1,4,0,28.9,8.5,162.0,34.0,15.86,0,0
2025-06-24,White Bread,45,32,45.0,0,55,3,13,0,28.9,13.0,585.0,169.0,14.43,0,0
2025-06-25,White Bread,45,32,45.0,0,42,2,12,0,28.9,13.0,540.0,156.0,14.71,0,0
2025-06-26,White Bread,45,32,40.5,10,30,1,23,0,28.9,8.5,931.5,195.5,14.14,7,224
2025-06-27,White Bread,45,32,45.0,0,45,3,11,0,28.9,13.0,495.0,143.0,16.0,0,0
2025-06-28,White Bread,45,32,31.5,30,34,2,34,1,28.9,-0.5,1071.0,-17.0,15.43,0,0
2025-06-29,White Bread,45,32,45.0,0,48,3,12,1,28.9,13.0,540.0,156.0,18.57,0,0
